com/yuzhi/dts/common/web/rest/WithUnauthenticatedMockUser.class
com/yuzhi/dts/common/domain/AssertUtils.class
com/yuzhi/dts/common/service/util/TargetRefValidatorTest.class
com/yuzhi/dts/common/config/SpringBootTestClassOrderer.class
com/yuzhi/dts/common/web/rest/TestUtil$1.class
com/yuzhi/dts/common/config/SqlTestContainer.class
com/yuzhi/dts/common/web/rest/TestUtil.class
com/yuzhi/dts/common/config/SqlTestContainersSpringContextCustomizerFactory$1.class
com/yuzhi/dts/common/web/rest/errors/ExceptionTranslatorTestController$TestDTO.class
com/yuzhi/dts/common/repository/timezone/DateTimeWrapper.class
com/yuzhi/dts/common/config/CRLFLogConverterTest.class
com/yuzhi/dts/common/web/rest/errors/ExceptionTranslatorTestController$TestResponseStatusException.class
com/yuzhi/dts/common/config/AsyncSyncConfiguration.class
com/yuzhi/dts/common/config/timezone/HibernateTimeZoneIT.class
com/yuzhi/dts/common/web/rest/errors/ExceptionTranslatorIT.class
com/yuzhi/dts/common/web/rest/TestUtil$NumberMatcher.class
com/yuzhi/dts/common/config/WebConfigurerTest.class
com/yuzhi/dts/common/config/EmbeddedSQL.class
com/yuzhi/dts/common/security/SecurityUtilsUnitTest.class
com/yuzhi/dts/common/repository/timezone/DateTimeWrapperRepository.class
com/yuzhi/dts/common/security/oauth2/AudienceValidatorTest.class
com/yuzhi/dts/common/web/rest/WithUnauthenticatedMockUser$Factory.class
com/yuzhi/dts/common/TechnicalStructureTest.class
com/yuzhi/dts/common/IntegrationTest.class
com/yuzhi/dts/common/config/WebConfigurerTestController.class
com/yuzhi/dts/common/config/SqlTestContainersSpringContextCustomizerFactory.class
com/yuzhi/dts/common/web/rest/errors/ExceptionTranslatorTestController.class
com/yuzhi/dts/common/web/rest/TestUtil$ZonedDateTimeMatcher.class
com/yuzhi/dts/common/config/TestSecurityConfiguration.class
com/yuzhi/dts/common/repository/timezone/DateTimeWrapper_.class
