/workspace-src/dts-common/src/test/java/com/yuzhi/dts/common/IntegrationTest.java
/workspace-src/dts-common/src/test/java/com/yuzhi/dts/common/TechnicalStructureTest.java
/workspace-src/dts-common/src/test/java/com/yuzhi/dts/common/config/AsyncSyncConfiguration.java
/workspace-src/dts-common/src/test/java/com/yuzhi/dts/common/config/CRLFLogConverterTest.java
/workspace-src/dts-common/src/test/java/com/yuzhi/dts/common/config/EmbeddedSQL.java
/workspace-src/dts-common/src/test/java/com/yuzhi/dts/common/config/SpringBootTestClassOrderer.java
/workspace-src/dts-common/src/test/java/com/yuzhi/dts/common/config/SqlTestContainer.java
/workspace-src/dts-common/src/test/java/com/yuzhi/dts/common/config/SqlTestContainersSpringContextCustomizerFactory.java
/workspace-src/dts-common/src/test/java/com/yuzhi/dts/common/config/TestSecurityConfiguration.java
/workspace-src/dts-common/src/test/java/com/yuzhi/dts/common/config/WebConfigurerTest.java
/workspace-src/dts-common/src/test/java/com/yuzhi/dts/common/config/WebConfigurerTestController.java
/workspace-src/dts-common/src/test/java/com/yuzhi/dts/common/config/timezone/HibernateTimeZoneIT.java
/workspace-src/dts-common/src/test/java/com/yuzhi/dts/common/domain/AssertUtils.java
/workspace-src/dts-common/src/test/java/com/yuzhi/dts/common/repository/timezone/DateTimeWrapper.java
/workspace-src/dts-common/src/test/java/com/yuzhi/dts/common/repository/timezone/DateTimeWrapperRepository.java
/workspace-src/dts-common/src/test/java/com/yuzhi/dts/common/security/SecurityUtilsUnitTest.java
/workspace-src/dts-common/src/test/java/com/yuzhi/dts/common/security/oauth2/AudienceValidatorTest.java
/workspace-src/dts-common/src/test/java/com/yuzhi/dts/common/service/util/TargetRefValidatorTest.java
/workspace-src/dts-common/src/test/java/com/yuzhi/dts/common/web/rest/TestUtil.java
/workspace-src/dts-common/src/test/java/com/yuzhi/dts/common/web/rest/WithUnauthenticatedMockUser.java
/workspace-src/dts-common/src/test/java/com/yuzhi/dts/common/web/rest/errors/ExceptionTranslatorIT.java
/workspace-src/dts-common/src/test/java/com/yuzhi/dts/common/web/rest/errors/ExceptionTranslatorTestController.java
