com/yuzhi/dts/admin/config/WebConfigurerTestController.class
com/yuzhi/dts/admin/config/TestSecurityConfiguration.class
com/yuzhi/dts/admin/repository/timezone/DateTimeWrapperRepository.class
com/yuzhi/dts/admin/web/rest/WithUnauthenticatedMockUser$Factory.class
com/yuzhi/dts/admin/web/rest/WithUnauthenticatedMockUser.class
com/yuzhi/dts/admin/security/oauth2/AudienceValidatorTest.class
com/yuzhi/dts/admin/web/rest/errors/ExceptionTranslatorTestController$TestDTO.class
com/yuzhi/dts/admin/repository/timezone/DateTimeWrapper.class
com/yuzhi/dts/admin/web/rest/TestUtil$NumberMatcher.class
com/yuzhi/dts/admin/config/EmbeddedSQL.class
com/yuzhi/dts/admin/config/SpringBootTestClassOrderer.class
com/yuzhi/dts/admin/config/SqlTestContainersSpringContextCustomizerFactory$1.class
com/yuzhi/dts/admin/config/SqlTestContainer.class
com/yuzhi/dts/admin/web/rest/errors/ExceptionTranslatorIT.class
com/yuzhi/dts/admin/config/WebConfigurerTest.class
com/yuzhi/dts/admin/web/rest/errors/ExceptionTranslatorTestController.class
com/yuzhi/dts/admin/web/rest/TestUtil$1.class
com/yuzhi/dts/admin/config/PostgreSqlTestContainer.class
com/yuzhi/dts/admin/web/rest/errors/ExceptionTranslatorTestController$TestResponseStatusException.class
com/yuzhi/dts/admin/web/rest/TestUtil$ZonedDateTimeMatcher.class
com/yuzhi/dts/admin/TechnicalStructureTest.class
com/yuzhi/dts/admin/repository/timezone/DateTimeWrapper_.class
com/yuzhi/dts/admin/config/AsyncSyncConfiguration.class
com/yuzhi/dts/admin/config/SqlTestContainersSpringContextCustomizerFactory.class
com/yuzhi/dts/admin/web/rest/TestUtil.class
com/yuzhi/dts/admin/config/timezone/HibernateTimeZoneIT.class
com/yuzhi/dts/admin/security/SecurityUtilsUnitTest.class
com/yuzhi/dts/admin/config/CRLFLogConverterTest.class
com/yuzhi/dts/admin/IntegrationTest.class
com/yuzhi/dts/admin/domain/AssertUtils.class
