/workspace-src/dts-admin/src/test/java/com/yuzhi/dts/admin/IntegrationTest.java
/workspace-src/dts-admin/src/test/java/com/yuzhi/dts/admin/TechnicalStructureTest.java
/workspace-src/dts-admin/src/test/java/com/yuzhi/dts/admin/config/AsyncSyncConfiguration.java
/workspace-src/dts-admin/src/test/java/com/yuzhi/dts/admin/config/CRLFLogConverterTest.java
/workspace-src/dts-admin/src/test/java/com/yuzhi/dts/admin/config/EmbeddedSQL.java
/workspace-src/dts-admin/src/test/java/com/yuzhi/dts/admin/config/PostgreSqlTestContainer.java
/workspace-src/dts-admin/src/test/java/com/yuzhi/dts/admin/config/SpringBootTestClassOrderer.java
/workspace-src/dts-admin/src/test/java/com/yuzhi/dts/admin/config/SqlTestContainer.java
/workspace-src/dts-admin/src/test/java/com/yuzhi/dts/admin/config/SqlTestContainersSpringContextCustomizerFactory.java
/workspace-src/dts-admin/src/test/java/com/yuzhi/dts/admin/config/TestSecurityConfiguration.java
/workspace-src/dts-admin/src/test/java/com/yuzhi/dts/admin/config/WebConfigurerTest.java
/workspace-src/dts-admin/src/test/java/com/yuzhi/dts/admin/config/WebConfigurerTestController.java
/workspace-src/dts-admin/src/test/java/com/yuzhi/dts/admin/config/timezone/HibernateTimeZoneIT.java
/workspace-src/dts-admin/src/test/java/com/yuzhi/dts/admin/domain/AssertUtils.java
/workspace-src/dts-admin/src/test/java/com/yuzhi/dts/admin/repository/timezone/DateTimeWrapper.java
/workspace-src/dts-admin/src/test/java/com/yuzhi/dts/admin/repository/timezone/DateTimeWrapperRepository.java
/workspace-src/dts-admin/src/test/java/com/yuzhi/dts/admin/security/SecurityUtilsUnitTest.java
/workspace-src/dts-admin/src/test/java/com/yuzhi/dts/admin/security/oauth2/AudienceValidatorTest.java
/workspace-src/dts-admin/src/test/java/com/yuzhi/dts/admin/web/rest/TestUtil.java
/workspace-src/dts-admin/src/test/java/com/yuzhi/dts/admin/web/rest/WithUnauthenticatedMockUser.java
/workspace-src/dts-admin/src/test/java/com/yuzhi/dts/admin/web/rest/errors/ExceptionTranslatorIT.java
/workspace-src/dts-admin/src/test/java/com/yuzhi/dts/admin/web/rest/errors/ExceptionTranslatorTestController.java
