/opt/prod/s10/dts-stack/source/dts-admin/src/main/java/com/yuzhi/dts/admin/ApplicationWebXml.java
/opt/prod/s10/dts-stack/source/dts-admin/src/main/java/com/yuzhi/dts/admin/DtsAdminApp.java
/opt/prod/s10/dts-stack/source/dts-admin/src/main/java/com/yuzhi/dts/admin/GeneratedByJHipster.java
/opt/prod/s10/dts-stack/source/dts-admin/src/main/java/com/yuzhi/dts/admin/aop/logging/LoggingAspect.java
/opt/prod/s10/dts-stack/source/dts-admin/src/main/java/com/yuzhi/dts/admin/aop/logging/package-info.java
/opt/prod/s10/dts-stack/source/dts-admin/src/main/java/com/yuzhi/dts/admin/config/ApplicationProperties.java
/opt/prod/s10/dts-stack/source/dts-admin/src/main/java/com/yuzhi/dts/admin/config/AsyncConfiguration.java
/opt/prod/s10/dts-stack/source/dts-admin/src/main/java/com/yuzhi/dts/admin/config/AuditProperties.java
/opt/prod/s10/dts-stack/source/dts-admin/src/main/java/com/yuzhi/dts/admin/config/CRLFLogConverter.java
/opt/prod/s10/dts-stack/source/dts-admin/src/main/java/com/yuzhi/dts/admin/config/CacheConfiguration.java
/opt/prod/s10/dts-stack/source/dts-admin/src/main/java/com/yuzhi/dts/admin/config/Constants.java
/opt/prod/s10/dts-stack/source/dts-admin/src/main/java/com/yuzhi/dts/admin/config/DatabaseConfiguration.java
/opt/prod/s10/dts-stack/source/dts-admin/src/main/java/com/yuzhi/dts/admin/config/DateTimeFormatConfiguration.java
/opt/prod/s10/dts-stack/source/dts-admin/src/main/java/com/yuzhi/dts/admin/config/DevDataSeeder.java
/opt/prod/s10/dts-stack/source/dts-admin/src/main/java/com/yuzhi/dts/admin/config/EurekaWorkaroundConfiguration.java
/opt/prod/s10/dts-stack/source/dts-admin/src/main/java/com/yuzhi/dts/admin/config/JacksonConfiguration.java
/opt/prod/s10/dts-stack/source/dts-admin/src/main/java/com/yuzhi/dts/admin/config/LiquibaseConfiguration.java
/opt/prod/s10/dts-stack/source/dts-admin/src/main/java/com/yuzhi/dts/admin/config/LoggingAspectConfiguration.java
/opt/prod/s10/dts-stack/source/dts-admin/src/main/java/com/yuzhi/dts/admin/config/LoggingConfiguration.java
/opt/prod/s10/dts-stack/source/dts-admin/src/main/java/com/yuzhi/dts/admin/config/PkiAuthProperties.java
/opt/prod/s10/dts-stack/source/dts-admin/src/main/java/com/yuzhi/dts/admin/config/SecurityConfiguration.java
/opt/prod/s10/dts-stack/source/dts-admin/src/main/java/com/yuzhi/dts/admin/config/SpringDocConfiguration.java
/opt/prod/s10/dts-stack/source/dts-admin/src/main/java/com/yuzhi/dts/admin/config/WebConfigurer.java
/opt/prod/s10/dts-stack/source/dts-admin/src/main/java/com/yuzhi/dts/admin/config/package-info.java
/opt/prod/s10/dts-stack/source/dts-admin/src/main/java/com/yuzhi/dts/admin/domain/AbstractAuditingEntity.java
/opt/prod/s10/dts-stack/source/dts-admin/src/main/java/com/yuzhi/dts/admin/domain/AdminApprovalItem.java
/opt/prod/s10/dts-stack/source/dts-admin/src/main/java/com/yuzhi/dts/admin/domain/AdminApprovalRequest.java
/opt/prod/s10/dts-stack/source/dts-admin/src/main/java/com/yuzhi/dts/admin/domain/AdminCustomRole.java
/opt/prod/s10/dts-stack/source/dts-admin/src/main/java/com/yuzhi/dts/admin/domain/AdminDataset.java
/opt/prod/s10/dts-stack/source/dts-admin/src/main/java/com/yuzhi/dts/admin/domain/AdminKeycloakUser.java
/opt/prod/s10/dts-stack/source/dts-admin/src/main/java/com/yuzhi/dts/admin/domain/AdminRoleAssignment.java
/opt/prod/s10/dts-stack/source/dts-admin/src/main/java/com/yuzhi/dts/admin/domain/AuditEvent.java
/opt/prod/s10/dts-stack/source/dts-admin/src/main/java/com/yuzhi/dts/admin/domain/ChangeRequest.java
/opt/prod/s10/dts-stack/source/dts-admin/src/main/java/com/yuzhi/dts/admin/domain/OrganizationNode.java
/opt/prod/s10/dts-stack/source/dts-admin/src/main/java/com/yuzhi/dts/admin/domain/PortalMenu.java
/opt/prod/s10/dts-stack/source/dts-admin/src/main/java/com/yuzhi/dts/admin/domain/PortalMenuVisibility.java
/opt/prod/s10/dts-stack/source/dts-admin/src/main/java/com/yuzhi/dts/admin/domain/SystemConfig.java
/opt/prod/s10/dts-stack/source/dts-admin/src/main/java/com/yuzhi/dts/admin/domain/package-info.java
/opt/prod/s10/dts-stack/source/dts-admin/src/main/java/com/yuzhi/dts/admin/package-info.java
/opt/prod/s10/dts-stack/source/dts-admin/src/main/java/com/yuzhi/dts/admin/repository/AdminApprovalItemRepository.java
/opt/prod/s10/dts-stack/source/dts-admin/src/main/java/com/yuzhi/dts/admin/repository/AdminApprovalRequestRepository.java
/opt/prod/s10/dts-stack/source/dts-admin/src/main/java/com/yuzhi/dts/admin/repository/AdminCustomRoleRepository.java
/opt/prod/s10/dts-stack/source/dts-admin/src/main/java/com/yuzhi/dts/admin/repository/AdminDatasetRepository.java
/opt/prod/s10/dts-stack/source/dts-admin/src/main/java/com/yuzhi/dts/admin/repository/AdminKeycloakUserRepository.java
/opt/prod/s10/dts-stack/source/dts-admin/src/main/java/com/yuzhi/dts/admin/repository/AdminRoleAssignmentRepository.java
/opt/prod/s10/dts-stack/source/dts-admin/src/main/java/com/yuzhi/dts/admin/repository/AuditEventRepository.java
/opt/prod/s10/dts-stack/source/dts-admin/src/main/java/com/yuzhi/dts/admin/repository/ChangeRequestRepository.java
/opt/prod/s10/dts-stack/source/dts-admin/src/main/java/com/yuzhi/dts/admin/repository/OrganizationRepository.java
/opt/prod/s10/dts-stack/source/dts-admin/src/main/java/com/yuzhi/dts/admin/repository/PortalMenuRepository.java
/opt/prod/s10/dts-stack/source/dts-admin/src/main/java/com/yuzhi/dts/admin/repository/PortalMenuVisibilityRepository.java
/opt/prod/s10/dts-stack/source/dts-admin/src/main/java/com/yuzhi/dts/admin/repository/SystemConfigRepository.java
/opt/prod/s10/dts-stack/source/dts-admin/src/main/java/com/yuzhi/dts/admin/security/AuthoritiesConstants.java
/opt/prod/s10/dts-stack/source/dts-admin/src/main/java/com/yuzhi/dts/admin/security/SecurityUtils.java
/opt/prod/s10/dts-stack/source/dts-admin/src/main/java/com/yuzhi/dts/admin/security/SpringSecurityAuditorAware.java
/opt/prod/s10/dts-stack/source/dts-admin/src/main/java/com/yuzhi/dts/admin/security/oauth2/AudienceValidator.java
/opt/prod/s10/dts-stack/source/dts-admin/src/main/java/com/yuzhi/dts/admin/security/oauth2/package-info.java
/opt/prod/s10/dts-stack/source/dts-admin/src/main/java/com/yuzhi/dts/admin/security/package-info.java
/opt/prod/s10/dts-stack/source/dts-admin/src/main/java/com/yuzhi/dts/admin/service/ChangeRequestService.java
/opt/prod/s10/dts-stack/source/dts-admin/src/main/java/com/yuzhi/dts/admin/service/OrganizationService.java
/opt/prod/s10/dts-stack/source/dts-admin/src/main/java/com/yuzhi/dts/admin/service/OrganizationSyncService.java
/opt/prod/s10/dts-stack/source/dts-admin/src/main/java/com/yuzhi/dts/admin/service/PortalMenuService.java
/opt/prod/s10/dts-stack/source/dts-admin/src/main/java/com/yuzhi/dts/admin/service/approval/ApprovalStatus.java
/opt/prod/s10/dts-stack/source/dts-admin/src/main/java/com/yuzhi/dts/admin/service/audit/AdminAuditService.java
/opt/prod/s10/dts-stack/source/dts-admin/src/main/java/com/yuzhi/dts/admin/service/audit/AuditCrypto.java
/opt/prod/s10/dts-stack/source/dts-admin/src/main/java/com/yuzhi/dts/admin/service/audit/DtsCommonAuditClient.java
/opt/prod/s10/dts-stack/source/dts-admin/src/main/java/com/yuzhi/dts/admin/service/dto/keycloak/ApprovalDTOs.java
/opt/prod/s10/dts-stack/source/dts-admin/src/main/java/com/yuzhi/dts/admin/service/dto/keycloak/KeycloakGroupDTO.java
/opt/prod/s10/dts-stack/source/dts-admin/src/main/java/com/yuzhi/dts/admin/service/dto/keycloak/KeycloakRoleDTO.java
/opt/prod/s10/dts-stack/source/dts-admin/src/main/java/com/yuzhi/dts/admin/service/dto/keycloak/KeycloakUserDTO.java
/opt/prod/s10/dts-stack/source/dts-admin/src/main/java/com/yuzhi/dts/admin/service/dto/menu/MenuTreeDTO.java
/opt/prod/s10/dts-stack/source/dts-admin/src/main/java/com/yuzhi/dts/admin/service/inmemory/InMemoryStores.java
/opt/prod/s10/dts-stack/source/dts-admin/src/main/java/com/yuzhi/dts/admin/service/keycloak/InMemoryKeycloakAdminClient.java
/opt/prod/s10/dts-stack/source/dts-admin/src/main/java/com/yuzhi/dts/admin/service/keycloak/KeycloakAdminClient.java
/opt/prod/s10/dts-stack/source/dts-admin/src/main/java/com/yuzhi/dts/admin/service/keycloak/KeycloakAdminRestClient.java
/opt/prod/s10/dts-stack/source/dts-admin/src/main/java/com/yuzhi/dts/admin/service/keycloak/KeycloakAuthService.java
/opt/prod/s10/dts-stack/source/dts-admin/src/main/java/com/yuzhi/dts/admin/service/notify/DtsCommonNotifyClient.java
/opt/prod/s10/dts-stack/source/dts-admin/src/main/java/com/yuzhi/dts/admin/service/user/AdminUserService.java
/opt/prod/s10/dts-stack/source/dts-admin/src/main/java/com/yuzhi/dts/admin/service/user/UserOperationRequest.java
/opt/prod/s10/dts-stack/source/dts-admin/src/main/java/com/yuzhi/dts/admin/web/filter/AuditLoggingFilter.java
/opt/prod/s10/dts-stack/source/dts-admin/src/main/java/com/yuzhi/dts/admin/web/filter/AuditResponseWrapper.java
/opt/prod/s10/dts-stack/source/dts-admin/src/main/java/com/yuzhi/dts/admin/web/rest/AdminApiResource.java
/opt/prod/s10/dts-stack/source/dts-admin/src/main/java/com/yuzhi/dts/admin/web/rest/AdminUserResource.java
/opt/prod/s10/dts-stack/source/dts-admin/src/main/java/com/yuzhi/dts/admin/web/rest/AuditLogResource.java
/opt/prod/s10/dts-stack/source/dts-admin/src/main/java/com/yuzhi/dts/admin/web/rest/BasicApiResource.java
/opt/prod/s10/dts-stack/source/dts-admin/src/main/java/com/yuzhi/dts/admin/web/rest/DevOpsResource.java
/opt/prod/s10/dts-stack/source/dts-admin/src/main/java/com/yuzhi/dts/admin/web/rest/KeycloakApiResource.java
/opt/prod/s10/dts-stack/source/dts-admin/src/main/java/com/yuzhi/dts/admin/web/rest/api/ApiResponse.java
/opt/prod/s10/dts-stack/source/dts-admin/src/main/java/com/yuzhi/dts/admin/web/rest/api/ResultStatus.java
/opt/prod/s10/dts-stack/source/dts-admin/src/main/java/com/yuzhi/dts/admin/web/rest/errors/BadRequestAlertException.java
/opt/prod/s10/dts-stack/source/dts-admin/src/main/java/com/yuzhi/dts/admin/web/rest/errors/ErrorConstants.java
/opt/prod/s10/dts-stack/source/dts-admin/src/main/java/com/yuzhi/dts/admin/web/rest/errors/ExceptionTranslator.java
/opt/prod/s10/dts-stack/source/dts-admin/src/main/java/com/yuzhi/dts/admin/web/rest/errors/FieldErrorVM.java
/opt/prod/s10/dts-stack/source/dts-admin/src/main/java/com/yuzhi/dts/admin/web/rest/errors/package-info.java
/opt/prod/s10/dts-stack/source/dts-admin/src/main/java/com/yuzhi/dts/admin/web/rest/vm/AdminUserVM.java
/opt/prod/s10/dts-stack/source/dts-admin/src/main/java/com/yuzhi/dts/admin/web/rest/vm/PagedResultVM.java
/opt/prod/s10/dts-stack/source/dts-admin/src/main/java/com/yuzhi/dts/admin/web/rest/vm/UserRequestVM.java
