2026-02-21T07:26:44.081Z DEBUG 161 --- [nio-3000-exec-5] org.postgresql.jdbc.PgConnection         :   setReadOnly = true 
2026-02-21T07:26:44.082Z DEBUG 161 --- [nio-3000-exec-5] org.postgresql.jdbc.PgConnection         :   setAutoCommit = false 
2026-02-21T07:26:44.082Z DEBUG 161 --- [nio-3000-exec-5] org.postgresql.jdbc.PgConnection         :   setAutoCommit = true 
2026-02-21T07:26:44.082Z DEBUG 161 --- [nio-3000-exec-5] org.postgresql.jdbc.PgConnection         :   setReadOnly = false 
2026-02-21T07:26:44.082Z DEBUG 161 --- [nio-3000-exec-5] org.postgresql.jdbc.PgConnection         :   setAutoCommit = false 
2026-02-21T07:26:44.082Z DEBUG 161 --- [nio-3000-exec-5] org.postgresql.jdbc.PgConnection         :   setAutoCommit = true 
2026-02-21T07:26:44.082Z  INFO 161 --- [nio-3000-exec-5] http.requests                            : GET /api/health -> 200 (0 ms) [requestId=7cb51113-0dea-4ebc-9625-3b1755ece6f3] 
2026-02-21T07:26:54.128Z DEBUG 161 --- [nio-3000-exec-2] org.postgresql.jdbc.PgConnection         :   setReadOnly = true 
2026-02-21T07:26:54.128Z DEBUG 161 --- [nio-3000-exec-2] org.postgresql.jdbc.PgConnection         :   setAutoCommit = false 
2026-02-21T07:26:54.128Z DEBUG 161 --- [nio-3000-exec-2] org.postgresql.jdbc.PgConnection         :   setAutoCommit = true 
2026-02-21T07:26:54.128Z DEBUG 161 --- [nio-3000-exec-2] org.postgresql.jdbc.PgConnection         :   setReadOnly = false 
2026-02-21T07:26:54.128Z DEBUG 161 --- [nio-3000-exec-2] org.postgresql.jdbc.PgConnection         :   setAutoCommit = false 
2026-02-21T07:26:54.128Z DEBUG 161 --- [nio-3000-exec-2] org.postgresql.jdbc.PgConnection         :   setAutoCommit = true 
2026-02-21T07:26:54.129Z  INFO 161 --- [nio-3000-exec-2] http.requests                            : GET /api/health -> 200 (1 ms) [requestId=ed99f38e-bcab-40a8-888c-e28ee85fea74] 
2026-02-21T07:27:04.169Z DEBUG 161 --- [nio-3000-exec-8] org.postgresql.jdbc.PgConnection         :   setReadOnly = true 
2026-02-21T07:27:04.169Z DEBUG 161 --- [nio-3000-exec-8] org.postgresql.jdbc.PgConnection         :   setAutoCommit = false 
2026-02-21T07:27:04.169Z DEBUG 161 --- [nio-3000-exec-8] org.postgresql.jdbc.PgConnection         :   setAutoCommit = true 
2026-02-21T07:27:04.169Z DEBUG 161 --- [nio-3000-exec-8] org.postgresql.jdbc.PgConnection         :   setReadOnly = false 
2026-02-21T07:27:04.169Z DEBUG 161 --- [nio-3000-exec-8] org.postgresql.jdbc.PgConnection         :   setAutoCommit = false 
2026-02-21T07:27:04.169Z DEBUG 161 --- [nio-3000-exec-8] org.postgresql.jdbc.PgConnection         :   setAutoCommit = true 
2026-02-21T07:27:04.170Z  INFO 161 --- [nio-3000-exec-8] http.requests                            : GET /api/health -> 200 (1 ms) [requestId=85a4c0fd-07b6-4f4e-ada0-406a7dfc7d6b] 
