[dts-build] === Pre-flight check ===
[dts-build] Architecture: x86_64
[dts-build] Docker API: 1.47, --platform supported: 1
[dts-build] Available memory: 39667 MB
[dts-build] Available disk: 212 GB
[dts-build] Estimated required disk: 12 GB
[dts-build] Pruning dangling Docker resources...
[dts-build] Layer cache: enabled — pass --no-cache for a clean-room release build
[dts-build] === Pre-flight OK ===
[dts-build] Updating repository with git pull --ff-only
Already up to date.
[dts-build] Building dts-platform-webapp -> dts-platform-webapp:1.0.0 (cached)
#0 building with "default" instance using docker driver

#1 [internal] load build definition from Dockerfile
#1 transferring dockerfile: 6.00kB done
#1 DONE 0.0s

#2 [internal] load metadata for docker.io/library/alpine:3.20
#2 DONE 0.0s

#3 [internal] load metadata for docker.io/library/node:20.17.0-alpine3.20
#3 DONE 0.0s

#4 [internal] load .dockerignore
#4 transferring context: 611B done
#4 DONE 0.0s

#5 [runtime  1/11] FROM docker.io/library/alpine:3.20
#5 DONE 0.0s

#6 [builder 1/9] FROM docker.io/library/node:20.17.0-alpine3.20
#6 DONE 0.0s

#7 [internal] load build context
#7 transferring context: 105.37MB 1.0s done
#7 DONE 1.0s

#8 [builder 2/9] WORKDIR /app
#8 CACHED

#9 [builder 3/9] COPY source/dts-platform-webapp/pnpm-lock.yaml source/dts-platform-webapp/package.json ./
#9 CACHED

#10 [builder 4/9] COPY source/dts-session-core/package.json /dts-session-core/package.json
#10 CACHED

#11 [builder 5/9] COPY source/dts-session-core/src/ /dts-session-core/src/
#11 CACHED

#12 [builder 6/9] RUN set -eux;     if [ -n "https://registry.npmmirror.com" ]; then         export npm_config_registry="https://registry.npmmirror.com";     fi;     if [ -n "" ]; then         export http_proxy="";         export https_proxy="";         export npm_config_proxy="${http_proxy}";         export npm_config_https_proxy="${https_proxy}";     fi;     npm install -g "pnpm@10.28.0";     pnpm --version;     unset npm_config_registry npm_config_proxy npm_config_https_proxy http_proxy https_proxy
#12 CACHED

#13 [builder 7/9] RUN --mount=type=cache,target=/pnpm-store,sharing=locked     set -eux;     if [ -n "https://registry.npmmirror.com" ]; then         export npm_config_registry="https://registry.npmmirror.com";     fi;     if [ -n "" ]; then         export http_proxy="";         export https_proxy="";         export npm_config_proxy="${http_proxy}";         export npm_config_https_proxy="${https_proxy}";     fi;     pnpm config set store-dir "/pnpm-store" --global;     pnpm install --frozen-lockfile --ignore-scripts;     unset npm_config_registry npm_config_proxy npm_config_https_proxy http_proxy https_proxy
#13 CACHED

#14 [builder 8/9] COPY source/dts-platform-webapp/ ./
#14 DONE 0.5s

#15 [builder 9/9] RUN pnpm "build"
#15 1.067 
#15 1.067 > slash-admin@2.2.3 build /app
#15 1.067 > LEGACY_BROWSER_BUILD=1 VITE_CACHE_DIR=.vite-cache sh -c 'L=/tmp/tsc-$$.log; tsc >$L 2>&1 & t=$!; vite build & b=$!; wait $t; rt=$?; wait $b; rb=$?; [ $rt -eq 0 ] || { echo; echo "=== tsc 类型检查失败 ==="; cat $L; }; rm -f $L; exit $((rt|rb))'
#15 1.067 
#15 2.637 vite v6.3.3 building for production...
#15 2.915 transforming...
#15 81.92 ✓ 10588 modules transformed.
#15 88.13 Browserslist: browsers data (caniuse-lite) is 16 months old. Please run:
#15 88.13   npx update-browserslist-db@latest
#15 88.13   Why you should do it regularly: https://github.com/browserslist/update-db#readme
#15 156.2 rendering chunks...
#15 157.9 [plugin vite:reporter] 
#15 157.9 (!) /app/src/pages/governance/StandardPackageActions.tsx is dynamically imported by /app/src/routes/sections/dashboard/utils.tsx but also statically imported by /app/src/routes/sections/dashboard/dynamic-resolver.tsx, /app/src/routes/sections/dashboard/static-routes.tsx, dynamic import will not move module into another chunk.
#15 157.9 
#15 166.2 computing gzip size...
#15 167.2 dist/index.html                                                  1.06 kB │ gzip:   0.56 kB
#15 167.2 dist/assets/ic-logo-badge-CznoAOYk.svg                           4.45 kB │ gzip:   1.08 kB
#15 167.2 dist/assets/tech-data-platform-C56bEMr9.svg                      5.63 kB │ gzip:   1.57 kB
#15 167.2 dist/assets/tech-data-platform-light-D7wrD1Ue.svg                5.66 kB │ gzip:   1.58 kB
#15 167.2 dist/assets/red-blur-DWnvL7od.png                               12.35 kB
#15 167.2 dist/assets/cyan-blur-B8-Jipui.png                              17.32 kB
#15 167.2 dist/assets/codicon-DCmgc-ay.ttf                                80.34 kB
#15 167.2 dist/assets/character_1-0fQISY_w.png                         3,081.04 kB
#15 167.2 dist/assets/character_2-CI-VpeLh.png                         3,509.51 kB
#15 167.2 dist/assets/character_6-CSvYjFeV.png                         7,918.65 kB
#15 167.2 dist/assets/ChartComponents-DQGYDVJU.css                         0.23 kB │ gzip:   0.12 kB
#15 167.2 dist/assets/AccessWorkspacePage-ChZSPOfE.css                     0.89 kB │ gzip:   0.49 kB
#15 167.2 dist/assets/screenRuntimeKeyframes-DZ1OlD3A.css                  0.93 kB │ gzip:   0.25 kB
#15 167.2 dist/assets/AccessDefaultsPage-DGQwjuTp.css                      1.02 kB │ gzip:   0.53 kB
#15 167.2 dist/assets/AccessPlanWizardPage-CWWIvlBH.css                    1.12 kB │ gzip:   0.45 kB
#15 167.2 dist/assets/QualityRoutePage-6YN_vYTC.css                        2.45 kB │ gzip:   0.87 kB
#15 167.2 dist/assets/AccessPlanDetailPage-zRTfMEel.css                    2.69 kB │ gzip:   0.79 kB
#15 167.2 dist/assets/DashboardGrid-DsaH52PW.css                           3.21 kB │ gzip:   0.80 kB
#15 167.2 dist/assets/modeling-workbench-Ccf4DvC9.css                      5.25 kB │ gzip:   1.33 kB
#15 167.2 dist/assets/OrchestrationPage-C8Hj_Ukc.css                      12.73 kB │ gzip:   2.77 kB
#15 167.2 dist/assets/ProjectCockpitPage-DABE33RE.css                     13.18 kB │ gzip:   2.73 kB
#15 167.2 dist/assets/style-BZV40eAE.css                                  15.85 kB │ gzip:   2.66 kB
#15 167.2 dist/assets/ComponentRenderer-oFWQqhS0.css                      22.60 kB │ gzip:   4.53 kB
#15 167.2 dist/assets/data-modeling-CYOErY-s.css                          31.84 kB │ gzip:   6.48 kB
#15 167.2 dist/assets/ScreenDesigner-MeIH3243.css                         47.26 kB │ gzip:   7.67 kB
#15 167.2 dist/assets/SqlIdePage-CWCx4khD.css                            133.20 kB │ gzip:  21.12 kB
#15 167.2 dist/assets/index-CSZavj37.css                                 221.33 kB │ gzip:  36.08 kB
#15 167.2 dist/assets/tslib.es6-JU6vtEGG.js                                0.12 kB │ gzip:   0.11 kB
#15 167.2 dist/assets/use-search-params-CTvt1_ec.js                        0.12 kB │ gzip:   0.14 kB
#15 167.2 dist/assets/index-Cv7lsdtq.js                                    0.13 kB │ gzip:   0.12 kB
#15 167.2 dist/assets/directoryService-m12x0AVq.js                         0.14 kB │ gzip:   0.14 kB
#15 167.2 dist/assets/resolveAnalyticsUrl-BiGvf00a.js                      0.14 kB │ gzip:   0.14 kB
#15 167.2 dist/assets/goldenChainService-BIzZJV9S.js                       0.17 kB │ gzip:   0.16 kB
#15 167.2 dist/assets/connectorsService-BG3DT69k.js                        0.21 kB │ gzip:   0.16 kB
#15 167.2 dist/assets/transition-DqMgi7Fi.js                               0.21 kB │ gzip:   0.14 kB
#15 167.2 dist/assets/accessSingleFlight-BTAzQwDJ.js                       0.24 kB │ gzip:   0.15 kB
#15 167.2 dist/assets/roleService-Cjze5g7T.js                              0.25 kB │ gzip:   0.21 kB
#15 167.2 dist/assets/audit-5FaFJdUb.js                                    0.25 kB │ gzip:   0.19 kB
#15 167.2 dist/assets/useDataModelingMenuGrant-CcDW6LbC.js                 0.25 kB │ gzip:   0.21 kB
#15 167.2 dist/assets/IndicatorCenterPage-BVhtw2Et.js                      0.28 kB │ gzip:   0.22 kB
#15 167.2 dist/assets/QualityPage-CNR3Hdew.js                              0.29 kB │ gzip:   0.24 kB
#15 167.2 dist/assets/chart-pcmnyPuI.js                                    0.30 kB │ gzip:   0.22 kB
#15 167.2 dist/assets/LegacyConnectionProfileRedirect-mOgiiNuh.js          0.30 kB │ gzip:   0.23 kB
#15 167.2 dist/assets/LegacySubjectAreasRedirect-dsUE8S1l.js               0.30 kB │ gzip:   0.23 kB
#15 167.2 dist/assets/semanticAccess-DGiwSros.js                           0.30 kB │ gzip:   0.22 kB
#15 167.2 dist/assets/jdbcDriversService-BoLLmFVU.js                       0.33 kB │ gzip:   0.22 kB
#15 167.2 dist/assets/LegacyAssetLedgerRedirect-DuMVcY0v.js                0.35 kB │ gzip:   0.27 kB
#15 167.2 dist/assets/IndicatorsPage-DbrL8eam.js                           0.36 kB │ gzip:   0.27 kB
#15 167.2 dist/assets/page-header-CRCzCjil.js                              0.36 kB │ gzip:   0.25 kB
#15 167.2 dist/assets/reportsService-CBZVWQdk.js                           0.43 kB │ gzip:   0.24 kB
#15 167.2 dist/assets/opsService-IJ_C2N-j.js                               0.44 kB │ gzip:   0.23 kB
#15 167.2 dist/assets/CheckCircleOutlined-DHTLAOPk.js                      0.44 kB │ gzip:   0.32 kB
#15 167.2 dist/assets/DeleteOutlined-GdFPwHFz.js                           0.44 kB │ gzip:   0.32 kB
#15 167.2 dist/assets/FileTextOutlined-D3SpoMW7.js                         0.44 kB │ gzip:   0.32 kB
#15 167.2 dist/assets/ArrowLeftOutlined-BG6Inc9v.js                        0.44 kB │ gzip:   0.32 kB
#15 167.2 dist/assets/CloseCircleOutlined-C8P_xVJV.js                      0.44 kB │ gzip:   0.32 kB
#15 167.2 dist/assets/AppstoreOutlined-1LYnDUJU.js                         0.45 kB │ gzip:   0.32 kB
#15 167.2 dist/assets/FolderOutlined-arnnyWBg.js                           0.45 kB │ gzip:   0.32 kB
#15 167.2 dist/assets/UploadOutlined-DcGWHuAj.js                           0.45 kB │ gzip:   0.32 kB
#15 167.2 dist/assets/PlusOutlined-DUAsLayX.js                             0.45 kB │ gzip:   0.32 kB
#15 167.2 dist/assets/ReloadOutlined-BJsSPUj9.js                           0.45 kB │ gzip:   0.32 kB
#15 167.2 dist/assets/LinkOutlined-BNEk7-t5.js                             0.45 kB │ gzip:   0.32 kB
#15 167.2 dist/assets/DatabaseOutlined-D_zYM-x8.js                         0.45 kB │ gzip:   0.32 kB
#15 167.2 dist/assets/InboxOutlined-US6DAkze.js                            0.45 kB │ gzip:   0.32 kB
#15 167.2 dist/assets/EditOutlined-sFOlGqdq.js                             0.45 kB │ gzip:   0.32 kB
#15 167.2 dist/assets/WarningOutlined-ymRXTC-P.js                          0.45 kB │ gzip:   0.32 kB
#15 167.2 dist/assets/SafetyCertificateOutlined-w6lCx3vP.js                0.45 kB │ gzip:   0.32 kB
#15 167.2 dist/assets/SearchOutlined-DR0MSmD0.js                           0.45 kB │ gzip:   0.32 kB
#15 167.2 dist/assets/DownOutlined-DCmdo1IX.js                             0.45 kB │ gzip:   0.32 kB
#15 167.2 dist/assets/ExclamationCircleOutlined-BsY4Al7s.js                0.45 kB │ gzip:   0.32 kB
#15 167.2 dist/assets/EyeOutlined-bzKtK0cZ.js                              0.45 kB │ gzip:   0.32 kB
#15 167.2 dist/assets/TableOutlined-CA8F43bC.js                            0.45 kB │ gzip:   0.32 kB
#15 167.2 dist/assets/FilterOutlined-Bi0p-uTC.js                           0.45 kB │ gzip:   0.32 kB
#15 167.2 dist/assets/relativeTime-COgGr2Wh.js                             0.45 kB │ gzip:   0.35 kB
#15 167.2 dist/assets/LegacyAssetDetailRedirect-BDUb1yzi.js                0.50 kB │ gzip:   0.33 kB
#15 167.2 dist/assets/textUtils-CElZBn8x.js                                0.52 kB │ gzip:   0.22 kB
#15 167.2 dist/assets/SubjectWorkspaceTabs-hZIJ7-Ks.js                     0.52 kB │ gzip:   0.37 kB
#15 167.2 dist/assets/TimeRangeSelect-BlwSK8SO.js                          0.55 kB │ gzip:   0.37 kB
#15 167.2 dist/assets/workbenchService-CJ-_C53C.js                         0.56 kB │ gzip:   0.27 kB
#15 167.2 dist/assets/dataMartApi-WstJmmA5.js                              0.59 kB │ gzip:   0.30 kB
#15 167.2 dist/assets/DimensionalModelingAssist-BMNQRNgA.js                0.63 kB │ gzip:   0.43 kB
#15 167.2 dist/assets/ModelLifecycleArtifactsTable-BXsqI-Tz.js             0.64 kB │ gzip:   0.45 kB
#15 167.2 dist/assets/warehousePlanApi-Dg2zpb1N.js                         0.65 kB │ gzip:   0.33 kB
#15 167.2 dist/assets/clipboard-N7lD7jN2.js                                0.67 kB │ gzip:   0.39 kB
#15 167.2 dist/assets/assetEnumLabels-CUb-I3Ho.js                          0.67 kB │ gzip:   0.48 kB
#15 167.2 dist/assets/format-CvfDmPlp.js                                   0.71 kB │ gzip:   0.35 kB
#15 167.2 dist/assets/azcli-1IWB1ccx.js                                    0.71 kB │ gzip:   0.28 kB
#15 167.2 dist/assets/modelingImportContextService-BEidlGvd.js             0.75 kB │ gzip:   0.45 kB
#15 167.2 dist/assets/index-C148XJoK.js                                    0.75 kB │ gzip:   0.36 kB
#15 167.2 dist/assets/indicatorDefinitionWorkflow-D9-mXNR8.js              0.76 kB │ gzip:   0.54 kB
#15 167.2 dist/assets/LegacyDataIntegrationRedirect-pyef9-DO.js            0.79 kB │ gzip:   0.44 kB
#15 167.2 dist/assets/empty-state-B__XF4HM.js                              0.79 kB │ gzip:   0.42 kB
#15 167.2 dist/assets/ClassificationTag-D_fIksMC.js                        0.79 kB │ gzip:   0.57 kB
#15 167.2 dist/assets/userDirectoryService-DlsdVmMo.js                     0.80 kB │ gzip:   0.45 kB
#15 167.2 dist/assets/dataSourcesService-DvjvAlVx.js                       0.81 kB │ gzip:   0.34 kB
#15 167.2 dist/assets/GovernedAssetTagPanel-Cz-X-LzH.js                    0.85 kB │ gzip:   0.59 kB
#15 167.2 dist/assets/transformCreateAsyncRun.helpers-DXhw_wV9.js          0.87 kB │ gzip:   0.54 kB
#15 167.2 dist/assets/errorCodeMessages-DND9GGg5.js                        0.88 kB │ gzip:   0.62 kB
#15 167.2 dist/assets/input-BTZM7KUU.js                                    0.88 kB │ gzip:   0.50 kB
#15 167.2 dist/assets/LineagePage-BWHOfoTx.js                              0.90 kB │ gzip:   0.46 kB
#15 167.2 dist/assets/planningCatalogDomainService-C0nwhwoS.js             0.90 kB │ gzip:   0.50 kB
#15 167.2 dist/assets/QualityReportPage-CfK6AR8e.js                        0.94 kB │ gzip:   0.48 kB
#15 167.2 dist/assets/EmptyState-DhQoljVt.js                               0.95 kB │ gzip:   0.51 kB
#15 167.2 dist/assets/ini-BvajGCUy.js                                      0.96 kB │ gzip:   0.49 kB
#15 167.2 dist/assets/BizDomainSelect-C9iB4Tl-.js                          1.02 kB │ gzip:   0.63 kB
#15 167.2 dist/assets/QualityRulesPage-DoppOt-P.js                         1.02 kB │ gzip:   0.53 kB
#15 167.2 dist/assets/sql-workbench-P8v0-MEY.js                            1.02 kB │ gzip:   0.42 kB
#15 167.2 dist/assets/sprint64GovernanceApi-DBXYBnA8.js                    1.11 kB │ gzip:   0.39 kB
#15 167.2 dist/assets/assetPortalUx.helpers-o20hA519.js                    1.12 kB │ gzip:   0.74 kB
#15 167.2 dist/assets/ConnectorDriverNotice-BuoFfWgK.js                    1.17 kB │ gzip:   0.73 kB
#15 167.2 dist/assets/DataArchitecturePage-U4ooFPTz.js                     1.24 kB │ gzip:   0.68 kB
#15 167.2 dist/assets/LineageImportPage-CXhVZZro.js                        1.25 kB │ gzip:   0.73 kB
#15 167.2 dist/assets/catalogDomainService-Crrn85Pp.js                     1.26 kB │ gzip:   0.53 kB
#15 167.2 dist/assets/csp-C46ZqvIl.js                                      1.28 kB │ gzip:   0.49 kB
#15 167.2 dist/assets/ConceptDimensionRecordDialog-DjO7yNkp.js             1.29 kB │ gzip:   0.82 kB
#15 167.2 dist/assets/componentHierarchy-DS8woMvF.js                       1.30 kB │ gzip:   0.57 kB
#15 167.2 dist/assets/CoreAssetsBlock-HVC7j2dK.js                          1.31 kB │ gzip:   0.83 kB
#15 167.2 dist/assets/javascript-C8kDN36z.js                               1.32 kB │ gzip:   0.67 kB
#15 167.2 dist/assets/KpiSecondary-BCEJTn60.js                             1.43 kB │ gzip:   0.66 kB
#15 167.2 dist/assets/planningContextPolicyService-Cyt4W2fq.js             1.49 kB │ gzip:   0.95 kB
#15 167.2 dist/assets/pla-CjnFlu4u.js                                      1.54 kB │ gzip:   0.60 kB
#15 167.2 dist/assets/LegacyDataModelingRedirect-BocYKrlz.js               1.58 kB │ gzip:   0.61 kB
#15 167.2 dist/assets/ExternalRedirectPage-CVTn2nxU.js                     1.59 kB │ gzip:   0.81 kB
#15 167.2 dist/assets/SemanticModelingEmptyState-yLae6r4k.js               1.60 kB │ gzip:   0.93 kB
#15 167.2 dist/assets/fileTargetSchemaMapping-DG38NQr8.js                  1.62 kB │ gzip:   0.85 kB
#15 167.2 dist/assets/scheme-Dhb-2j9p.js                                   1.63 kB │ gzip:   0.78 kB
#15 167.2 dist/assets/catalogTagsApi-BSWNRo7W.js                           1.64 kB │ gzip:   0.89 kB
#15 167.2 dist/assets/ModelWorkbenchCreateMenu-DKB-gHKa.js                 1.65 kB │ gzip:   0.86 kB
#15 167.2 dist/assets/flow9-Cac8vKd7.js                                    1.67 kB │ gzip:   0.81 kB
#15 167.2 dist/assets/RecordDetailDrawer-CPCBgPVe.js                       1.67 kB │ gzip:   0.93 kB
#15 167.2 dist/assets/ScreenStrip-hNB9FIzK.js                              1.67 kB │ gzip:   0.96 kB
#15 167.2 dist/assets/TopReportsBlock-De0RVj4C.js                          1.69 kB │ gzip:   1.02 kB
#15 167.2 dist/assets/sb-BYAiYHFx.js                                       1.69 kB │ gzip:   0.78 kB
#15 167.2 dist/assets/bat-DPkNLes8.js                                      1.71 kB │ gzip:   0.83 kB
#15 167.2 dist/assets/dockerfile-DLk6rpji.js                               1.73 kB │ gzip:   0.63 kB
#15 167.2 dist/assets/redux-BFxtlG_c.js                                    1.82 kB │ gzip:   0.83 kB
#15 167.2 dist/assets/console-page-BU2Ytu1H.js                             1.83 kB │ gzip:   0.69 kB
#15 167.2 dist/assets/navigation-DxlgsNQG.js                               1.86 kB │ gzip:   0.95 kB
#15 167.2 dist/assets/pascaligo-5jv8CcQD.js                                1.86 kB │ gzip:   0.87 kB
#15 167.2 dist/assets/deviceMode-CTnc4DbG.js                               1.87 kB │ gzip:   0.94 kB
#15 167.2 dist/assets/DomainMatrix-CICI2jR-.js                             1.88 kB │ gzip:   1.08 kB
#15 167.2 dist/assets/classification-BBIEGF2A.js                           1.88 kB │ gzip:   0.86 kB
#15 167.2 dist/assets/AssetTagFilter-SPltaXTw.js                           1.92 kB │ gzip:   1.13 kB
#15 167.2 dist/assets/PublicCardPage-BSKp1UoQ.js                           1.94 kB │ gzip:   0.89 kB
#15 167.2 dist/assets/lua-D28Ae8-K.js                                      1.98 kB │ gzip:   0.89 kB
#15 167.2 dist/assets/WorkbenchFilterBar-DhhY6_Dn.js                       2.00 kB │ gzip:   0.85 kB
#15 167.2 dist/assets/TaskSchedulingPage-oNiQEAgF.js                       2.01 kB │ gzip:   1.04 kB
#15 167.2 dist/assets/ModelStageGatePanel-DfO_4H2v.js                      2.03 kB │ gzip:   1.23 kB
#15 167.2 dist/assets/CompactTable-N8Q41RzK.js                             2.03 kB │ gzip:   1.11 kB
#15 167.2 dist/assets/cameligo-CGrWLZr3.js                                 2.05 kB │ gzip:   0.92 kB
#15 167.2 dist/assets/DataModelingPage-BXX_vene.js                         2.08 kB │ gzip:   0.97 kB
#15 167.2 dist/assets/MyGrantsPage-DPuYFjcX.js                             2.09 kB │ gzip:   1.01 kB
#15 167.2 dist/assets/IndicatorCard-BjXR7vXA.js                            2.11 kB │ gzip:   1.12 kB
#15 167.2 dist/assets/graphql-LQdxqEYJ.js                                  2.12 kB │ gzip:   0.99 kB
#15 167.2 dist/assets/OpsAlertLogPage-UoZkuqYI.js                          2.15 kB │ gzip:   1.11 kB
#15 167.2 dist/assets/KpiRow-DrgS8TDe.js                                   2.19 kB │ gzip:   1.01 kB
#15 167.2 dist/assets/AssetGovernanceOverview-Rmafse5Y.js                  2.25 kB │ gzip:   0.95 kB
#15 167.2 dist/assets/objective-c-B1aVtJYH.js                              2.26 kB │ gzip:   1.02 kB
#15 167.2 dist/assets/lexon-Canl7DCW.js                                    2.30 kB │ gzip:   0.88 kB
#15 167.2 dist/assets/DataModelingSurface-prFJR5Mt.js                      2.31 kB │ gzip:   0.95 kB
#15 167.2 dist/assets/biLinkUrl-DzdgZtR4.js                                2.31 kB │ gzip:   0.88 kB
#15 167.2 dist/assets/AssetDomainBars-B7M8hy0f.js                          2.36 kB │ gzip:   1.33 kB
#15 167.2 dist/assets/useTableSort-BkDde9nT.js                             2.39 kB │ gzip:   1.11 kB
#15 167.2 dist/assets/bicep-Corcdgou.js                                    2.40 kB │ gzip:   0.93 kB
#15 167.2 dist/assets/sparql-KEyrF7De.js                                   2.41 kB │ gzip:   1.12 kB
#15 167.2 dist/assets/AssetReconciliationPanel-BgZKPz8V.js                 2.44 kB │ gzip:   1.18 kB
#15 167.2 dist/assets/mips-CdjsipkG.js                                     2.44 kB │ gzip:   1.03 kB
#15 167.2 dist/assets/LineageColumnsPage-BL720uVI.js                       2.47 kB │ gzip:   1.36 kB
#15 167.2 dist/assets/go-O9LJTZXk.js                                       2.52 kB │ gzip:   1.11 kB
#15 167.2 dist/assets/AccessPlanReviewStep-DHdmCCId.js                     2.59 kB │ gzip:   1.43 kB
#15 167.2 dist/assets/LandingScheduleStep-Jw1cKC20.js                      2.60 kB │ gzip:   1.29 kB
#15 167.2 dist/assets/GovernanceGapPanel-Dp36-FYq.js                       2.61 kB │ gzip:   1.19 kB
#15 167.2 dist/assets/sophia-RYC1BQQz.js                                   2.62 kB │ gzip:   1.17 kB
#15 167.2 dist/assets/typespec-CzxlYoT_.js                                 2.66 kB │ gzip:   1.05 kB
#15 167.2 dist/assets/AssetGovernanceDonut-DXrHQh8g.js                     2.67 kB │ gzip:   1.49 kB
#15 167.2 dist/assets/m3-DPitgjJI.js                                       2.68 kB │ gzip:   1.28 kB
#15 167.2 dist/assets/PermissionAuditPage-DPMS_sNR.js                      2.71 kB │ gzip:   1.30 kB
#15 167.2 dist/assets/TokensPage-B9njitZR.js                               2.75 kB │ gzip:   1.45 kB
#15 167.2 dist/assets/lineageContracts-0_pbnJiW.js                         2.77 kB │ gzip:   1.37 kB
#15 167.2 dist/assets/xml-B4ekT3bx.js                                      2.81 kB │ gzip:   1.17 kB
#15 167.2 dist/assets/ErrorLayout-DKWx0nqY.js                              2.81 kB │ gzip:   0.96 kB
#15 167.2 dist/assets/MyIndicatorDashboard-DFFHOYo6.js                     2.83 kB │ gzip:   1.37 kB
#15 167.2 dist/assets/fsharp-fd1GTHhf.js                                   2.84 kB │ gzip:   1.28 kB
#15 167.2 dist/assets/IndicatorStorePage-Ch-0AvY6.js                       2.85 kB │ gzip:   1.46 kB
#15 167.2 dist/assets/pascal-BhNW15KB.js                                   2.86 kB │ gzip:   1.35 kB
#15 167.2 dist/assets/WorkbenchCustomizeDrawer-CaZ_q_ZE.js                 2.86 kB │ gzip:   1.49 kB
#15 167.2 dist/assets/shell-CsDZo4DB.js                                    2.93 kB │ gzip:   1.16 kB
#15 167.2 dist/assets/GateEvidenceSummary-h60KTJAD.js                      2.95 kB │ gzip:   1.54 kB
#15 167.2 dist/assets/r-BIFz-_sK.js                                        2.99 kB │ gzip:   1.24 kB
#15 167.2 dist/assets/AssetClassificationFactPanel-Dz2xPwu4.js             2.99 kB │ gzip:   1.59 kB
#15 167.2 dist/assets/AssetLedgerToolbar-hE5xwc49.js                       3.01 kB │ gzip:   1.43 kB
#15 167.2 dist/assets/FileFieldMappingEditor-BruXIl9n.js                   3.01 kB │ gzip:   1.58 kB
#15 167.2 dist/assets/qsharp-q7JyzKFN.js                                   3.05 kB │ gzip:   1.37 kB
#15 167.2 dist/assets/PrototypePrimitives-BkLJ4NVx.js                      3.05 kB │ gzip:   1.11 kB
#15 167.2 dist/assets/PublicDashboardPage-j3fznYkp.js                      3.08 kB │ gzip:   1.41 kB
#15 167.2 dist/assets/java-SYsfObOQ.js                                     3.08 kB │ gzip:   1.36 kB
#15 167.2 dist/assets/powershell-Bu_VLpJB.js                               3.13 kB │ gzip:   1.34 kB
#15 167.2 dist/assets/assetPageShared-D7Fi4g6B.js                          3.14 kB │ gzip:   1.56 kB
#15 167.2 dist/assets/HelpCenterPage-U-3CrgNl.js                           3.14 kB │ gzip:   1.47 kB
#15 167.2 dist/assets/LineageDiffPage-BTLVYBdI.js                          3.18 kB │ gzip:   1.55 kB
#15 167.2 dist/assets/LeaderOverviewPage-Dydb60wA.js                       3.23 kB │ gzip:   1.62 kB
#15 167.2 dist/assets/cypher-D84EuPTj.js                                   3.25 kB │ gzip:   1.40 kB
#15 167.2 dist/assets/TableDetailPage-CVpVvnzc.js                          3.26 kB │ gzip:   1.50 kB
#15 167.2 dist/assets/PageContainer-uk0rrUkl.js                            3.27 kB │ gzip:   1.13 kB
#15 167.2 dist/assets/ModelMaterializationStatus-D4Yc_MsK.js               3.29 kB │ gzip:   1.52 kB
#15 167.2 dist/assets/kotlin-qQ0MG-9I.js                                   3.30 kB │ gzip:   1.44 kB
#15 167.2 dist/assets/screenRuntimeKeyframes-DLQ0C8Pv.js                   3.31 kB │ gzip:   1.60 kB
#15 167.2 dist/assets/ToolsPage-kf9rud3F.js                                3.40 kB │ gzip:   1.73 kB
#15 167.2 dist/assets/redis-CHOsPHWR.js                                    3.42 kB │ gzip:   1.44 kB
#15 167.2 dist/assets/tcl-PloMZuKG.js                                      3.43 kB │ gzip:   1.33 kB
#15 167.2 dist/assets/accessManagedFile-rhRjSo2a.js                        3.44 kB │ gzip:   1.21 kB
#15 167.2 dist/assets/coffee-B7EJu28W.js                                   3.45 kB │ gzip:   1.26 kB
#15 167.2 dist/assets/hcl-DxDQ3s82.js                                      3.45 kB │ gzip:   1.45 kB
#15 167.2 dist/assets/Page404-DXDS9nsq.js                                  3.56 kB │ gzip:   1.71 kB
#15 167.2 dist/assets/navigation-Cy8xeKP9.js                               3.59 kB │ gzip:   1.70 kB
#15 167.2 dist/assets/markdown-B811l8j2.js                                 3.65 kB │ gzip:   1.35 kB
#15 167.2 dist/assets/DatabaseAccessStep-zcAwPbzO.js                       3.65 kB │ gzip:   1.73 kB
#15 167.2 dist/assets/WorkflowCenterPage-CbvotQkH.js                       3.67 kB │ gzip:   1.73 kB
#15 167.2 dist/assets/workbenchComponentRegistry-PVMT5AUn.js               3.68 kB │ gzip:   1.78 kB
#15 167.2 dist/assets/MetricsPage-Degk-bDP.js                              3.69 kB │ gzip:   1.19 kB
#15 167.2 dist/assets/restructuredtext-CghPJEOS.js                         3.75 kB │ gzip:   1.33 kB
#15 167.2 dist/assets/FileClassificationIntake-CyCx0-vM.js                 3.76 kB │ gzip:   1.84 kB
#15 167.2 dist/assets/less-GGFNNJHn.js                                     3.76 kB │ gzip:   1.38 kB
#15 167.2 dist/assets/TrashPage-ClQ-EGrf.js                                3.77 kB │ gzip:   1.70 kB
#15 167.2 dist/assets/apex-DnsZk_dE.js                                     3.81 kB │ gzip:   1.73 kB
#15 167.2 dist/assets/SemanticVirtualDatasetsPage-D9nENLFC.js              3.86 kB │ gzip:   1.81 kB
#15 167.2 dist/assets/AssetOwnershipPage-BfXGD4Yq.js                       3.90 kB │ gzip:   1.75 kB
#15 167.2 dist/assets/OpsBackfillPage-fQyl-d86.js                          3.94 kB │ gzip:   1.93 kB
#15 167.2 dist/assets/AssetGrantPage-rCzY-n5o.js                           3.98 kB │ gzip:   1.86 kB
#15 167.2 dist/assets/ApiAccessStep-BwKrrmWr.js                            4.02 kB │ gzip:   1.60 kB
#15 167.2 dist/assets/rust-DMDD0SHb.js                                     4.02 kB │ gzip:   1.79 kB
#15 167.2 dist/assets/DashboardsPage-B9ugZuNb.js                           4.07 kB │ gzip:   1.90 kB
#15 167.2 dist/assets/SemanticExplorePage-DFo9eaBg.js                      4.07 kB │ gzip:   1.78 kB
#15 167.2 dist/assets/Page403-CsMsqkH_.js                                  4.10 kB │ gzip:   2.00 kB
#15 167.2 dist/assets/dart-D8lhlL1r.js                                     4.11 kB │ gzip:   1.61 kB
#15 167.2 dist/assets/CollectionItemsPage-BJ9Ayn-L.js                      4.14 kB │ gzip:   1.40 kB
#15 167.2 dist/assets/GovernanceCenterPage-CjhCsB2r.js                     4.21 kB │ gzip:   2.10 kB
#15 167.2 dist/assets/PlanningCatalogEditors-D-c-XmlB.js                   4.22 kB │ gzip:   1.97 kB
#15 167.2 dist/assets/liquid-h1VOKnnB.js                                   4.35 kB │ gzip:   1.87 kB
#15 167.2 dist/assets/useScreenFontFaces-DXBLd9wN.js                       4.37 kB │ gzip:   1.66 kB
#15 167.2 dist/assets/css-DQU6DXDx.js                                      4.37 kB │ gzip:   1.34 kB
#15 167.2 dist/assets/csharp-BoL64M5l.js                                   4.38 kB │ gzip:   1.69 kB
#15 167.2 dist/assets/yaml-DFmKBvMg.js                                     4.41 kB │ gzip:   1.72 kB
#15 167.2 dist/assets/OverviewPage-C8U7lmzj.js                             4.49 kB │ gzip:   2.05 kB
#15 167.2 dist/assets/OpsLogCenterPage-CAflxorl.js                         4.58 kB │ gzip:   2.28 kB
#15 167.2 dist/assets/python-D13QGjvF.js                                   4.59 kB │ gzip:   1.88 kB
#15 167.2 dist/assets/IndicatorListPage-DEgCHM_k.js                        4.59 kB │ gzip:   2.15 kB
#15 167.2 dist/assets/label-DUFVs8Er.js                                    4.63 kB │ gzip:   1.97 kB
#15 167.2 dist/assets/ModelFieldEditorTable-DAJJgQnu.js                    4.64 kB │ gzip:   2.00 kB
#15 167.2 dist/assets/pug-kFxLfcjb.js                                      4.69 kB │ gzip:   1.61 kB
#15 167.2 dist/assets/LineageImpactPage-C-dtbVLX.js                        4.69 kB │ gzip:   2.19 kB
#15 167.2 dist/assets/fileClassificationAdmission.helpers-COOFzhNJ.js      4.71 kB │ gzip:   1.75 kB
#15 167.2 dist/assets/msdax-CYqgjx_P.js                                    4.77 kB │ gzip:   1.90 kB
#15 167.2 dist/assets/swift-D7IUmUK8.js                                    4.77 kB │ gzip:   2.00 kB
#15 167.2 dist/assets/AssetGovernanceWorkbenchDrawer-CvjfoyqE.js           4.91 kB │ gzip:   2.29 kB
#15 167.2 dist/assets/FieldDetailPage-BKNy_ME1.js                          4.96 kB │ gzip:   1.56 kB
#15 167.2 dist/assets/AssetTagPanel-Dz68GsPm.js                            4.96 kB │ gzip:   2.43 kB
#15 167.2 dist/assets/DeptSelect-BomHeiBf.js                               4.97 kB │ gzip:   2.08 kB
#15 167.2 dist/assets/CollectionsPage-DYXIxt3T.js                          4.99 kB │ gzip:   1.72 kB
#15 167.2 dist/assets/PlanningPolicyForm-2HCvzDPH.js                       5.03 kB │ gzip:   2.08 kB
#15 167.3 dist/assets/AssetLedgerDialogs-PT6R6Ue9.js                       5.03 kB │ gzip:   1.91 kB
#15 167.3 dist/assets/CardDetailPage-0h2aVng9.js                           5.08 kB │ gzip:   1.80 kB
#15 167.3 dist/assets/cpp-SEyurbux.js                                      5.16 kB │ gzip:   2.05 kB
#15 167.3 dist/assets/DashboardDetailPage-K3bqq0RS.js                      5.20 kB │ gzip:   2.27 kB
#15 167.3 dist/assets/ecl-BO6FnfXk.js                                      5.20 kB │ gzip:   2.19 kB
#15 167.3 dist/assets/mdx-Bps-CB7m.js                                      5.26 kB │ gzip:   1.66 kB
#15 167.3 dist/assets/SearchPage-gjTTlLNW.js                               5.40 kB │ gzip:   1.87 kB
#15 167.3 dist/assets/html-Bcp9fa2P.js                                     5.41 kB │ gzip:   1.60 kB
#15 167.3 dist/assets/AuditEvidencePage-CZSus6Sg.js                        5.42 kB │ gzip:   2.55 kB
#15 167.3 dist/assets/JdbcDriversPage-C-7ZEgUY.js                          5.42 kB │ gzip:   2.45 kB
#15 167.3 dist/assets/OpenMetadataGovernanceTab-CQLdQS5h.js                5.52 kB │ gzip:   2.64 kB
#15 167.3 dist/assets/DatabaseDetailPage-BI0O6ykK.js                       5.53 kB │ gzip:   2.15 kB
#15 167.3 dist/assets/ModelsPage-ByWviGFJ.js                               5.54 kB │ gzip:   2.12 kB
#15 167.3 dist/assets/ApiServicesPage-D8mx7WXv.js                          5.57 kB │ gzip:   2.46 kB
#15 167.3 dist/assets/vb-BwAE3J76.js                                       5.65 kB │ gzip:   2.02 kB
#15 167.3 dist/assets/installLabelLayout-BjL2HytR.js                       5.71 kB │ gzip:   2.34 kB
#15 167.3 dist/assets/IndicatorTemplatePage-B1T5F8zr.js                    5.75 kB │ gzip:   2.65 kB
#15 167.3 dist/assets/ConnectionProfilesPage-B9c2az5r.js                   5.78 kB │ gzip:   2.76 kB
#15 167.3 dist/assets/typescript-zOb-b3PV.js                               5.80 kB │ gzip:   2.38 kB
#15 167.3 dist/assets/twig-BfRIq3la.js                                     5.83 kB │ gzip:   1.48 kB
#15 167.3 dist/assets/RelationshipGraphPage-DLIxsdB3.js                    5.93 kB │ gzip:   2.82 kB
#15 167.3 dist/assets/MeasurementUnitsPage-D9W8T4Dy.js                     5.97 kB │ gzip:   2.63 kB
#15 167.3 dist/assets/ProfilePage-CPPQ2CQT.js                              6.00 kB │ gzip:   2.47 kB
#15 167.3 dist/assets/ConnectionProfileDetailPage-BxJJUAuq.js              6.09 kB │ gzip:   2.63 kB
#15 167.3 dist/assets/scss-CTwUZ5N7.js                                     6.27 kB │ gzip:   1.71 kB
#15 167.3 dist/assets/DataProductsPage-DfizuzUM.js                         6.49 kB │ gzip:   2.62 kB
#15 167.3 dist/assets/TaskAdmissionBasis-0iPr27oM.js                       6.53 kB │ gzip:   2.78 kB
#15 167.3 dist/assets/Page500-C1UGiwex.js                                  6.78 kB │ gzip:   2.37 kB
#15 167.3 dist/assets/index-gvBqc_kP.js                                    6.82 kB │ gzip:   2.94 kB
#15 167.3 dist/assets/ConformedDimensionCatalogCard-Bk3eMkW9.js            6.86 kB │ gzip:   3.01 kB
#15 167.3 dist/assets/MetricLensPage-CxAhQBbe.js                           6.88 kB │ gzip:   2.26 kB
#15 167.3 dist/assets/DataMartWorkspace-DNNa8GLm.js                        6.95 kB │ gzip:   3.17 kB
#15 167.3 dist/assets/julia-DQXNmw_w.js                                    7.01 kB │ gzip:   2.62 kB
#15 167.3 dist/assets/ReleaseGovernancePage-BxksibUP.js                    7.06 kB │ gzip:   3.25 kB
#15 167.3 dist/assets/handlebars-BdF6Vhbn.js                               7.17 kB │ gzip:   1.81 kB
#15 167.3 dist/assets/scala-Bqvq8jcR.js                                    7.18 kB │ gzip:   2.06 kB
#15 167.3 dist/assets/EltConsolePage-X7hbW9pM.js                           7.20 kB │ gzip:   3.11 kB
#15 167.3 dist/assets/wgsl-B_1kOXbF.js                                     7.21 kB │ gzip:   2.72 kB
#15 167.3 dist/assets/st-C7iG7M4S.js                                       7.26 kB │ gzip:   2.21 kB
#15 167.3 dist/assets/LineageGraphPage-1bDcJr9k.js                         7.29 kB │ gzip:   3.39 kB
#15 167.3 dist/assets/OpsInstancesPage-BtTsekrh.js                         7.31 kB │ gzip:   3.00 kB
#15 167.3 dist/assets/BusinessConsumptionPage-BRI2aN8c.js                  7.37 kB │ gzip:   3.26 kB
#15 167.3 dist/assets/AccessGovernancePanels-BvWpV8KJ.js                   7.44 kB │ gzip:   3.41 kB
#15 167.3 dist/assets/systemverilog-DgMryOEJ.js                            7.46 kB │ gzip:   2.72 kB
#15 167.3 dist/assets/DatasetDetailSupportTabs-BbfYfYFQ.js                 7.47 kB │ gzip:   2.82 kB
#15 167.3 dist/assets/EChartsRuntime-gq0S8yyO.js                           7.51 kB │ gzip:   3.02 kB
#15 167.3 dist/assets/IndicatorDashboardPage-tG91DR5_.js                   7.57 kB │ gzip:   3.12 kB
#15 167.3 dist/assets/helpers-Dibqi1h_.js                                  7.64 kB │ gzip:   3.12 kB
#15 167.3 dist/assets/postiats-CQpG440k.js                                 7.72 kB │ gzip:   2.40 kB
#15 167.3 dist/assets/DashboardFilterBar-P8oof9ke.js                       7.84 kB │ gzip:   3.18 kB
#15 167.3 dist/assets/php-120yhfDK.js                                      7.89 kB │ gzip:   2.04 kB
#15 167.3 dist/assets/ModelPublishDialog-CQ5bNHxE.js                       7.98 kB │ gzip:   3.36 kB
#15 167.3 dist/assets/ConnectorRegistryPage-CyxVDVRU.js                    8.03 kB │ gzip:   3.34 kB
#15 167.3 dist/assets/perl-DlYyT36c.js                                     8.12 kB │ gzip:   3.10 kB
#15 167.3 dist/assets/PlatformEventObservabilityPage-CcylNvwb.js           8.15 kB │ gzip:   3.18 kB
#15 167.3 dist/assets/ruby-CYWGW-b1.js                                     8.36 kB │ gzip:   2.54 kB
#15 167.3 dist/assets/PlanningPage-BvYD99lo.js                             8.48 kB │ gzip:   3.65 kB
#15 167.3 dist/assets/FileAccessStep-6Uzo5-PG.js                           8.53 kB │ gzip:   3.92 kB
#15 167.3 dist/assets/protobuf-IBS6jZEB.js                                 8.91 kB │ gzip:   2.04 kB
#15 167.3 dist/assets/razor-DNP7ZDfs.js                                    9.17 kB │ gzip:   2.50 kB
#15 167.3 dist/assets/AssetActionMatrixPanel-C9i6Q0tR.js                   9.27 kB │ gzip:   3.66 kB
#15 167.3 dist/assets/IndicatorWizard-CPx-wd2S.js                          9.38 kB │ gzip:   3.95 kB
#15 167.3 dist/assets/value-BAnORW8c.js                                    9.42 kB │ gzip:   4.01 kB
#15 167.3 dist/assets/AccessDefaultsPage-DyvClkrT.js                       9.46 kB │ gzip:   3.54 kB
#15 167.3 dist/assets/clojure-D9WOWImG.js                                  9.50 kB │ gzip:   3.57 kB
#15 167.3 dist/assets/ingestion-CAhMfdR8.js                                9.54 kB │ gzip:   2.83 kB
#15 167.3 dist/assets/Nl2SqlEvalPage-BwMTB5S0.js                           9.72 kB │ gzip:   3.02 kB
#15 167.3 dist/assets/HomePage-BYOpQu-L.js                                 9.80 kB │ gzip:   2.89 kB
#15 167.3 dist/assets/ReportFactoryPage-BGDWYHLJ.js                        9.84 kB │ gzip:   3.16 kB
#15 167.3 dist/assets/OrchestrationRunsTab-Cfer0CZ0.js                     9.85 kB │ gzip:   3.70 kB
#15 167.3 dist/assets/StandardPackagePage-BOCy1GJQ.js                      9.88 kB │ gzip:   4.20 kB
#15 167.3 dist/assets/GlossaryPage-CTLKpwNk.js                             9.92 kB │ gzip:   3.87 kB
#15 167.3 dist/assets/AccessWorkspacePage-BZWyjgbL.js                      9.97 kB │ gzip:   4.29 kB
#15 167.3 dist/assets/elixir-BRjLKONM.js                                  10.12 kB │ gzip:   2.50 kB
#15 167.3 dist/assets/sql-BdTr02Mf.js                                     10.16 kB │ gzip:   3.79 kB
#15 167.3 dist/assets/ReverseModelingInspectionSteps-DhyLXHwi.js          10.21 kB │ gzip:   3.76 kB
#15 167.3 dist/assets/MetadataManagementPage-CAInFFJi.js                  10.24 kB │ gzip:   4.35 kB
#15 167.3 dist/assets/DashboardEditorPage-BjftwKts.js                     10.48 kB │ gzip:   4.22 kB
#15 167.3 dist/assets/ModelWorkbenchCatalogList-DiAJYcPO.js               10.49 kB │ gzip:   4.17 kB
#15 167.3 dist/assets/ScriptStudioPage-BVaFJg3P.js                        10.97 kB │ gzip:   3.69 kB
#15 167.3 dist/assets/ChartRenderer-CQTGBwfw.js                           11.00 kB │ gzip:   4.10 kB
#15 167.3 dist/assets/ExploreSessionsPage-BdRT-vo1.js                     11.07 kB │ gzip:   3.42 kB
#15 167.3 dist/assets/mysql-BHd6q0vd.js                                   11.13 kB │ gzip:   4.01 kB
#15 167.3 dist/assets/AssetOverviewPage-CdLWttQ9.js                       11.21 kB │ gzip:   4.54 kB
#15 167.3 dist/assets/AssetTagsWorkspace-D9xdpopq.js                      11.41 kB │ gzip:   4.44 kB
#15 167.3 dist/assets/redshift-CBifECDb.js                                11.66 kB │ gzip:   4.30 kB
#15 167.3 dist/assets/lineageShared-CrYKsteY.js                           11.80 kB │ gzip:   4.22 kB
#15 167.3 dist/assets/ElementsPage-DYXN9JTm.js                            11.86 kB │ gzip:   4.44 kB
#15 167.3 dist/assets/AssetLedgerView-v55zBIyb.js                         11.99 kB │ gzip:   5.12 kB
#15 167.3 dist/assets/BiLinksPage-Dyx4Fy8O.js                             12.25 kB │ gzip:   4.69 kB
#15 167.3 dist/assets/PlanningEditors-D7zpE_1t.js                         12.37 kB │ gzip:   3.48 kB
#15 167.3 dist/assets/data-security-CRn5NSQ6.js                           12.48 kB │ gzip:   4.52 kB
#15 167.3 dist/assets/DataSearchPage-DPxdshtO.js                          12.86 kB │ gzip:   4.71 kB
#15 167.3 dist/assets/TemplatesPage-CL81VGKw.js                           12.89 kB │ gzip:   4.42 kB
#15 167.3 dist/assets/StandardsPage-BcWuLyJC.js                           13.08 kB │ gzip:   4.90 kB
#15 167.3 dist/assets/DataProductsPage-LhI5bZEB.js                        13.26 kB │ gzip:   4.57 kB
#15 167.3 dist/assets/pgsql-Dy0bjov7.js                                   13.32 kB │ gzip:   4.46 kB
#15 167.3 dist/assets/abap-CRCWOmpq.js                                    14.02 kB │ gzip:   5.27 kB
#15 167.3 dist/assets/OpsOverviewPage-8AyuGsl4.js                         14.58 kB │ gzip:   4.78 kB
#15 167.3 dist/assets/ReverseModelingPage-BC1me2OJ.js                     14.75 kB │ gzip:   5.67 kB
#15 167.3 dist/assets/ScreenExportPage-DXKM4Dfv.js                        15.46 kB │ gzip:   5.70 kB
#15 167.3 dist/assets/JourneyContextBar-5OQUzGWa.js                       15.56 kB │ gzip:   6.04 kB
#15 167.3 dist/assets/AccessPlanDetailPage-DVxuRj65.js                    15.66 kB │ gzip:   6.20 kB
#15 167.3 dist/assets/index-DLrTW36J.js                                   15.87 kB │ gzip:   6.32 kB
#15 167.3 dist/assets/PublicScreenPage-C1ft8MNu.js                        16.04 kB │ gzip:   5.51 kB
#15 167.3 dist/assets/ModelWorkbenchDialog-_YAlY-zJ.js                    16.31 kB │ gzip:   6.15 kB
#15 167.3 dist/assets/freemarker2-CfG2h7DU.js                             16.49 kB │ gzip:   4.36 kB
#15 167.3 dist/assets/powerquery-DdJtto1Z.js                              16.80 kB │ gzip:   4.81 kB
#15 167.3 dist/assets/ModelingWorkbenchPage-DV9x1RwA.js                   16.82 kB │ gzip:   6.61 kB
#15 167.3 dist/assets/ScreenPreviewPage-DgTlKx7z.js                       17.15 kB │ gzip:   5.90 kB
#15 167.3 dist/assets/AssetLifecycleWorkbenchDrawer-DyrTwx7p.js           17.65 kB │ gzip:   6.42 kB
#15 167.3 dist/assets/CardsPage-C9wmvdQK.js                               17.80 kB │ gzip:   6.40 kB
#15 167.3 dist/assets/DatasetDetailPage-mYEzUYV_.js                       17.88 kB │ gzip:   5.84 kB
#15 167.3 dist/assets/solidity-CME5AdoB.js                                18.46 kB │ gzip:   4.41 kB
#15 167.3 dist/assets/MetadataPage-BM1y1mKg.js                            18.65 kB │ gzip:   6.16 kB
#15 167.3 dist/assets/SubjectAreasPage-2bBv88kk.js                        19.06 kB │ gzip:   6.88 kB
#15 167.3 dist/assets/DelayReasonMatrix-Om5A8OSi.js                       19.39 kB │ gzip:   6.47 kB
#15 167.3 dist/assets/papaparse.min-qcN5wq6v.js                           19.41 kB │ gzip:   7.10 kB
#15 167.3 dist/assets/AccessPlanWizardPage-PaaN5lpM.js                    19.68 kB │ gzip:   6.86 kB
#15 167.3 dist/assets/accessPlanPayload-CgsXReRl.js                       20.24 kB │ gzip:   6.88 kB
#15 167.3 dist/assets/ExecutionHistoryTable-I3iV2cyh.js                   20.26 kB │ gzip:   7.24 kB
#15 167.3 dist/assets/MetricsPage--RAmeq0y.js                             21.19 kB │ gzip:   7.84 kB
#15 167.3 dist/assets/ConnectionProfileFormModal-Do9YAodm.js              22.88 kB │ gzip:   8.43 kB
#15 167.3 dist/assets/tsMode-CL2KFVBE.js                                  23.23 kB │ gzip:   6.57 kB
#15 167.3 dist/assets/planningProjectionService-CSDRx6Ms.js               23.71 kB │ gzip:   7.93 kB
#15 167.3 dist/assets/analyticsApi-CHgCikcP.js                            23.96 kB │ gzip:   5.59 kB
#15 167.3 dist/assets/ReferenceCodesPage-Daq4A9ev.js                      25.74 kB │ gzip:   7.45 kB
#15 167.3 dist/assets/DatasetAccessApprovalPage-DxPfWSIG.js               25.89 kB │ gzip:   8.83 kB
#15 167.3 dist/assets/DataManagementWorkbenchPage-DF6Mq6O8.js             27.64 kB │ gzip:   9.48 kB
#15 167.3 dist/assets/ErrorNotice-CKKUnGCl.js                             30.29 kB │ gzip:  10.03 kB
#15 167.3 dist/assets/SemanticCardEditorPage-ClQhIDYc.js                  30.64 kB │ gzip:  10.22 kB
#15 167.3 dist/assets/ModelingWorkbenchEditor-8rBEfiol.js                 31.70 kB │ gzip:   9.20 kB
#15 167.3 dist/assets/cssMode-DP4JNuWP.js                                 32.48 kB │ gzip:   8.83 kB
#15 167.3 dist/assets/htmlMode-C6ComNHz.js                                33.03 kB │ gzip:   8.96 kB
#15 167.3 dist/assets/upload-D08MJM1V.js                                  39.19 kB │ gzip:  13.82 kB
#15 167.3 dist/assets/jsonMode-CknkDYnm.js                                41.90 kB │ gzip:  12.17 kB
#15 167.3 dist/assets/CardEditorRoutePage-CZMWVqIT.js                     42.49 kB │ gzip:  11.37 kB
#15 167.3 dist/assets/ProjectCockpitPage-CUfJgUzD.js                      44.34 kB │ gzip:  12.26 kB
#15 167.3 
#15 167.3 (!) Some chunks are larger than 1500 kB after minification. Consider:
#15 167.3 - Using dynamic import() to code-split the application
#15 167.3 - Use build.rollupOptions.output.manualChunks to improve chunking: https://rollupjs.org/configuration-options/#output-manualchunks
#15 167.3 - Adjust chunk size limit for this warning via build.chunkSizeWarningLimit.
#15 167.3 dist/assets/QueryWorkbenchPage-By_XMVAR.js                      49.04 kB │ gzip:  16.44 kB
#15 167.3 dist/assets/index-CQxuHiD0.js                                   67.83 kB │ gzip:  24.61 kB
#15 167.3 dist/assets/DashboardGrid-DZUDmSSX.js                           77.57 kB │ gzip:  22.62 kB
#15 167.3 dist/assets/QualityRoutePage-gns2L91L.js                        78.63 kB │ gzip:  22.83 kB
#15 167.3 dist/assets/ScreensPage-BOqe6VmJ.js                             86.31 kB │ gzip:  26.29 kB
#15 167.3 dist/assets/jszip.min-BLmKZz5C.js                               96.81 kB │ gzip:  29.95 kB
#15 167.3 dist/assets/vendor-utils-B67rgrjt.js                           106.16 kB │ gzip:  36.56 kB
#15 167.3 dist/assets/OrchestrationPage-ByMEluE7.js                      110.38 kB │ gzip:  30.02 kB
#15 167.3 dist/assets/polyfills-CzyWvamL.js                              139.56 kB │ gzip:  52.02 kB
#15 167.3 dist/assets/style-QWqjGxU_.js                                  164.44 kB │ gzip:  52.79 kB
#15 167.3 dist/assets/ScreenDesigner-Bi75QLXb.js                         206.12 kB │ gzip:  52.46 kB
#15 167.3 dist/assets/vendor-core-DW30UbJ_.js                            225.54 kB │ gzip:  73.96 kB
#15 167.3 dist/assets/index-_HgRqfIL.js                                  292.61 kB │ gzip:  75.82 kB
#15 167.3 dist/assets/ComponentRenderer-N8GJoReg.js                      306.83 kB │ gzip:  86.69 kB
#15 167.3 dist/assets/ScreenDesignerPage-DONd-yBX.js                     322.54 kB │ gzip:  81.12 kB
#15 167.3 dist/assets/DataPage-C3GXmQpx.js                               349.13 kB │ gzip: 119.03 kB
#15 167.3 dist/assets/index-50ZEFjxP.js                                  360.86 kB │ gzip: 120.86 kB
#15 167.3 dist/assets/index-CI_zvtVf.js                                  368.32 kB │ gzip: 121.42 kB
#15 167.3 dist/assets/install-B3USO-QZ.js                                409.21 kB │ gzip: 139.49 kB
#15 167.3 dist/assets/vendor-ui-D9T4lNQG.js                            1,338.88 kB │ gzip: 419.82 kB
#15 167.3 dist/assets/index-Bgwl5GpF.js                                1,354.75 kB │ gzip: 398.34 kB
#15 167.3 dist/assets/LineageGraph-Chj97Dt3.js                         1,456.07 kB │ gzip: 435.02 kB
#15 167.3 dist/assets/SqlIdePage-Dlf1PIRb.js                           3,579.70 kB │ gzip: 921.98 kB
#15 167.3 ✓ built in 2m 45s
#15 DONE 169.5s

#16 [runtime  2/11] RUN set -eux;     if [ -n "${APK_HTTP_PROXY:-}${APK_HTTPS_PROXY:-}" ]; then         export http_proxy="${APK_HTTP_PROXY:-${APK_HTTPS_PROXY:-}}";         export https_proxy="${APK_HTTPS_PROXY:-${APK_HTTP_PROXY:-}}";     fi;     if [ -n "${ALPINE_REPO_MAIN:-}" ] || [ -n "${ALPINE_REPO_COMMUNITY:-}" ]; then         : > /etc/apk/repositories;         if [ -n "${ALPINE_REPO_MAIN:-}" ]; then echo "${ALPINE_REPO_MAIN}" >> /etc/apk/repositories; fi;         if [ -n "${ALPINE_REPO_COMMUNITY:-}" ]; then echo "${ALPINE_REPO_COMMUNITY}" >> /etc/apk/repositories; fi;     fi;     apk update || true;     apk add --no-cache nginx gettext     || {          echo "[apk] fallback to Aliyun mirror";          echo "https://mirrors.aliyun.com/alpine/v3.20/main" > /etc/apk/repositories;          echo "https://mirrors.aliyun.com/alpine/v3.20/community" >> /etc/apk/repositories;          apk update;          apk add --no-cache nginx gettext;        };     unset http_proxy https_proxy;     rm -f /etc/nginx/http.d/default.conf /etc/nginx/conf.d/default.conf;     mkdir -p /usr/share/nginx/html
#16 CACHED

#17 [runtime  3/11] WORKDIR /usr/share/nginx/html
#17 CACHED

#18 [runtime  4/11] COPY --from=builder /app/dist ./
#18 DONE 0.3s

#19 [runtime  5/11] RUN mkdir -p /opt/vendor-koal
#19 DONE 0.3s

#20 [runtime  6/11] COPY --from=builder /app/public/vendor/ /opt/vendor-koal/
#20 DONE 0.0s

#21 [runtime  7/11] RUN chmod -R a+rX /usr/share/nginx/html /opt/vendor-koal
#21 DONE 0.7s

#22 [runtime  8/11] RUN set -eux;     if [ -d "/usr/share/nginx/html/vendor" ]; then       chmod -R a+rX "/usr/share/nginx/html/vendor";     fi;     find /usr/share/nginx/html -type f -name '*.js' -exec chmod a+r {} + || true
#22 0.305 + '[' -d /usr/share/nginx/html/vendor ]
#22 0.305 + chmod -R a+rX /usr/share/nginx/html/vendor
#22 0.323 + find /usr/share/nginx/html -type f -name '*.js' -exec chmod a+r '{}' +
#22 DONE 0.8s

#23 [runtime  9/11] COPY builds/dts-platform-webapp/nginx.conf.template /etc/nginx/http.d/default.conf.template
#23 DONE 0.1s

#24 [runtime 10/11] COPY builds/dts-platform-webapp/docker-entrypoint.sh /docker-entrypoint.sh
#24 DONE 0.1s

#25 [runtime 11/11] RUN chmod +x /docker-entrypoint.sh
#25 DONE 0.4s

#26 exporting to image
#26 exporting layers
#26 exporting layers 0.5s done
#26 writing image sha256:a1b6bc8b40e4f1770df8474e7ba6f6b26df2b9b25190df3c707eb820d97ed134 done
#26 naming to docker.io/library/dts-platform-webapp:1.0.0 done
#26 DONE 0.5s
[dts-build] Skipping tar export for dts-platform-webapp:1.0.0 (--no-save)
[dts-build] Skipping tar export for dts-platform-webapp:1.0.0 (--no-save)
