TAP version 13
# Subtest: generic full-refresh grain schema permits no keys without weakening dimension or incremental keys
ok 1 - generic full-refresh grain schema permits no keys without weakening dimension or incremental keys
  ---
  duration_ms: 58.005538
  type: 'test'
  ...
# Subtest: canonical create and update accept the additive warehouse-layer selection
ok 2 - canonical create and update accept the additive warehouse-layer selection
  ---
  duration_ms: 2.522183
  type: 'test'
  ...
# Subtest: canonical create fields exclude client-owned and retired metadata
ok 3 - canonical create fields exclude client-owned and retired metadata
  ---
  duration_ms: 0.174762
  type: 'test'
  ...
# Subtest: interactive create accepts only the minimum draft identity and never accepts a client-owned layer
ok 4 - interactive create accepts only the minimum draft identity and never accepts a client-owned layer
  ---
  duration_ms: 0.32866
  type: 'test'
  ...
# Subtest: canonical update is a full replacement without create-only or retired metadata
ok 5 - canonical update is a full replacement without create-only or retired metadata
  ---
  duration_ms: 0.849691
  type: 'test'
  ...
# Subtest: canonical dimension update keeps SCD and hierarchy but moves code and reuse scope to the definition
ok 6 - canonical dimension update keeps SCD and hierarchy but moves code and reuse scope to the definition
  ---
  duration_ms: 0.609617
  type: 'test'
  ...
# Subtest: canonical CAS token produces the backend strong ETag exactly
ok 7 - canonical CAS token produces the backend strong ETag exactly
  ---
  duration_ms: 0.17111
  type: 'test'
  ...
# Subtest: all four model types satisfy their deterministic save boundary
ok 8 - all four model types satisfy their deterministic save boundary
  ---
  duration_ms: 0.711502
  type: 'test'
  ...
# Subtest: all four model categories reject target layers outside their fixed output layer
ok 9 - all four model categories reject target layers outside their fixed output layer
  ---
  duration_ms: 0.671207
  type: 'test'
  ...
# Subtest: upstream model candidates follow the four-category dependency matrix
ok 10 - upstream model candidates follow the four-category dependency matrix
  ---
  duration_ms: 0.332431
  type: 'test'
  ...
# Subtest: analysis dimensions accept canonical DWD dimension models only
ok 11 - analysis dimensions accept canonical DWD dimension models only
  ---
  duration_ms: 0.167483
  type: 'test'
  ...
# Subtest: reference targets require an exact canonical unpolluted revision and the owner relationship matrix
ok 12 - reference targets require an exact canonical unpolluted revision and the owner relationship matrix
  ---
  duration_ms: 0.506469
  type: 'test'
  ...
# Subtest: exact pinned reference rejects historical targets whose physical inputs use derived layers
ok 13 - exact pinned reference rejects historical targets whose physical inputs use derived layers
  ---
  duration_ms: 0.207924
  type: 'test'
  ...
# Subtest: persisted fields hidden by the current model type are type-boundary mismatches
ok 14 - persisted fields hidden by the current model type are type-boundary mismatches
  ---
  duration_ms: 0.233198
  type: 'test'
  ...
# Subtest: direct physical inputs are limited to ODS, STG or DWD
ok 15 - direct physical inputs are limited to ODS, STG or DWD
  ---
  duration_ms: 0.403803
  type: 'test'
  ...
# Subtest: generation strategy is dimension-only input
ok 16 - generation strategy is dimension-only input
  ---
  duration_ms: 0.380241
  type: 'test'
  ...
# Subtest: all model input kinds follow the same four-table type boundary as the backend
ok 17 - all model input kinds follow the same four-table type boundary as the backend
  ---
  duration_ms: 1.290985
  type: 'test'
  ...
# Subtest: all four model types accept their minimal request with unrelated collections absent
ok 18 - all four model types accept their minimal request with unrelated collections absent
  ---
  duration_ms: 0.643128
  type: 'test'
  ...
# Subtest: dimension draft requires grain and a KEY but not a source or generation strategy
ok 19 - dimension draft requires grain and a KEY but not a source or generation strategy
  ---
  duration_ms: 0.345349
  type: 'test'
  ...
# Subtest: legacy v2 dimension definition and key mapping remain backward compatible
ok 20 - legacy v2 dimension definition and key mapping remain backward compatible
  ---
  duration_ms: 0.234298
  type: 'test'
  ...
# Subtest: dimension profile remains optional but legacy code and reuse fields are read-only
ok 21 - dimension profile remains optional but legacy code and reuse fields are read-only
  ---
  duration_ms: 0.518853
  type: 'test'
  ...
# Subtest: FACT draft requires grain but may defer both physical sources and upstream models
ok 22 - FACT draft requires grain but may defer both physical sources and upstream models
  ---
  duration_ms: 0.19249
  type: 'test'
  ...
# Subtest: standard bindings must resolve to declared fields
ok 23 - standard bindings must resolve to declared fields
  ---
  duration_ms: 0.291034
  type: 'test'
  ...
# Subtest: a field accepts only one standard binding
ok 24 - a field accepts only one standard binding
  ---
  duration_ms: 0.195904
  type: 'test'
  ...
# Subtest: APPLICATION requires a consumption scenario and other model types reject one
ok 25 - APPLICATION requires a consumption scenario and other model types reject one
  ---
  duration_ms: 0.412358
  type: 'test'
  ...
# Subtest: editable APPLICATION updates defer missing stable context to later stage gates
ok 26 - editable APPLICATION updates defer missing stable context to later stage gates
  ---
  duration_ms: 0.213635
  type: 'test'
  ...
# Subtest: only FACT accepts optional business activity
ok 27 - only FACT accepts optional business activity
  ---
  duration_ms: 0.768429
  type: 'test'
  ...
# Subtest: retired and unknown fields are rejected
ok 28 - retired and unknown fields are rejected
  ---
  duration_ms: 0.214046
  type: 'test'
  ...
# Subtest: required field codes stay explicit and backend-compatible
ok 29 - required field codes stay explicit and backend-compatible
  ---
  duration_ms: 0.243998
  type: 'test'
  ...
# Subtest: shared fixtures keep Java and TypeScript validation issue codes aligned
ok 30 - shared fixtures keep Java and TypeScript validation issue codes aligned
  ---
  duration_ms: 116.764682
  type: 'test'
  ...
# Subtest: nested references reject incomplete ids and non-positive versions
ok 31 - nested references reject incomplete ids and non-positive versions
  ---
  duration_ms: 0.416344
  type: 'test'
  ...
# Subtest: JSON Schema accepts canonical view and rejects client-only or unknown view fields
ok 32 - JSON Schema accepts canonical view and rejects client-only or unknown view fields
  ---
  duration_ms: 151.466608
  type: 'test'
  ...
# Subtest: JSON Schema update payload is a strict full replacement without create-only or legacy fields
ok 33 - JSON Schema update payload is a strict full replacement without create-only or legacy fields
  ---
  duration_ms: 102.541492
  type: 'test'
  ...
# Subtest: JSON Schema directly accepts the generic wire fixture including explicit null optionals
ok 34 - JSON Schema directly accepts the generic wire fixture including explicit null optionals
  ---
  duration_ms: 72.843474
  type: 'test'
  ...
# Subtest: JSON Schema declares executable trim-aware uniqueness for fields and sources
ok 35 - JSON Schema declares executable trim-aware uniqueness for fields and sources
  ---
  duration_ms: 0.533163
  type: 'test'
  ...
# Subtest: model views are a strict contract-version and compatibility-mode discriminated union
ok 36 - model views are a strict contract-version and compatibility-mode discriminated union
  ---
  duration_ms: 81.294143
  type: 'test'
  ...
# Subtest: JSON Schema enforces all four model-type save boundaries
ok 37 - JSON Schema enforces all four model-type save boundaries
  ---
  duration_ms: 53.525453
  type: 'test'
  ...
# Subtest: editable stable context accepts only UUIDs and preserves model-type ownership
ok 38 - editable stable context accepts only UUIDs and preserves model-type ownership
  ---
  duration_ms: 0.84516
  type: 'test'
  ...
# Subtest: Schema admits stable context on all wire shapes without admitting malformed or foreign context
ok 39 - Schema admits stable context on all wire shapes without admitting malformed or foreign context
  ---
  duration_ms: 69.157549
  type: 'test'
  ...
# Subtest: interactive creation validates supplied stable context without requiring missing context
not ok 40 - interactive creation validates supplied stable context without requiring missing context
  ---
  duration_ms: 1.621509
  type: 'test'
  location: '/opt/prod/s10/v2.2.3/source/dts-platform-webapp/src/features/modeling/contracts/modelSpecV2Contract.test.ts:1139:1'
  failureType: 'testCodeFailure'
  error: |-
    Expected values to be strictly deep-equal:
    + actual - expected
    
    + []
    - [
    -   'MODEL_SPEC_BUSINESS_PROCESS_INVALID'
    - ]
    
  code: 'ERR_ASSERTION'
  name: 'AssertionError'
  expected:
    0: 'MODEL_SPEC_BUSINESS_PROCESS_INVALID'
  actual:
  operator: 'deepStrictEqual'
  stack: |-
    TestContext.<anonymous> (file:///opt/prod/s10/v2.2.3/source/dts-platform-webapp/src/features/modeling/contracts/modelSpecV2Contract.test.ts:1151:11)
    Test.runInAsyncScope (node:async_hooks:228:14)
    Test.run (node:internal/test_runner/test:1118:25)
    Test.processPendingSubtests (node:internal/test_runner/test:787:18)
    Test.postRun (node:internal/test_runner/test:1247:19)
    Test.run (node:internal/test_runner/test:1175:12)
    async Test.processPendingSubtests (node:internal/test_runner/test:787:7)
  ...
1..40
# tests 40
# suites 0
# pass 39
# fail 1
# cancelled 0
# skipped 0
# todo 0
# duration_ms 911.026885
