/workspace-src/dts-common/src/main/java/com/yuzhi/dts/common/ApplicationWebXml.java
/workspace-src/dts-common/src/main/java/com/yuzhi/dts/common/DtsCommonApp.java
/workspace-src/dts-common/src/main/java/com/yuzhi/dts/common/GeneratedByJHipster.java
/workspace-src/dts-common/src/main/java/com/yuzhi/dts/common/aop/logging/LoggingAspect.java
/workspace-src/dts-common/src/main/java/com/yuzhi/dts/common/aop/logging/package-info.java
/workspace-src/dts-common/src/main/java/com/yuzhi/dts/common/audit/AuditActionCatalog.java
/workspace-src/dts-common/src/main/java/com/yuzhi/dts/common/audit/AuditActionDefinition.java
/workspace-src/dts-common/src/main/java/com/yuzhi/dts/common/audit/AuditStage.java
/workspace-src/dts-common/src/main/java/com/yuzhi/dts/common/config/ApplicationProperties.java
/workspace-src/dts-common/src/main/java/com/yuzhi/dts/common/config/AsyncConfiguration.java
/workspace-src/dts-common/src/main/java/com/yuzhi/dts/common/config/CRLFLogConverter.java
/workspace-src/dts-common/src/main/java/com/yuzhi/dts/common/config/CacheConfiguration.java
/workspace-src/dts-common/src/main/java/com/yuzhi/dts/common/config/Constants.java
/workspace-src/dts-common/src/main/java/com/yuzhi/dts/common/config/DatabaseConfiguration.java
/workspace-src/dts-common/src/main/java/com/yuzhi/dts/common/config/DateTimeFormatConfiguration.java
/workspace-src/dts-common/src/main/java/com/yuzhi/dts/common/config/JacksonConfiguration.java
/workspace-src/dts-common/src/main/java/com/yuzhi/dts/common/config/LiquibaseConfiguration.java
/workspace-src/dts-common/src/main/java/com/yuzhi/dts/common/config/LoggingAspectConfiguration.java
/workspace-src/dts-common/src/main/java/com/yuzhi/dts/common/config/LoggingConfiguration.java
/workspace-src/dts-common/src/main/java/com/yuzhi/dts/common/config/SecurityConfiguration.java
/workspace-src/dts-common/src/main/java/com/yuzhi/dts/common/config/SpringDocConfiguration.java
/workspace-src/dts-common/src/main/java/com/yuzhi/dts/common/config/WebConfigurer.java
/workspace-src/dts-common/src/main/java/com/yuzhi/dts/common/config/package-info.java
/workspace-src/dts-common/src/main/java/com/yuzhi/dts/common/domain/AbstractAuditingEntity.java
/workspace-src/dts-common/src/main/java/com/yuzhi/dts/common/domain/AuditEvent.java
/workspace-src/dts-common/src/main/java/com/yuzhi/dts/common/domain/package-info.java
/workspace-src/dts-common/src/main/java/com/yuzhi/dts/common/management/health/AuditDbHealthIndicator.java
/workspace-src/dts-common/src/main/java/com/yuzhi/dts/common/package-info.java
/workspace-src/dts-common/src/main/java/com/yuzhi/dts/common/repository/AuditEventRepository.java
/workspace-src/dts-common/src/main/java/com/yuzhi/dts/common/security/AuthoritiesConstants.java
/workspace-src/dts-common/src/main/java/com/yuzhi/dts/common/security/SecurityUtils.java
/workspace-src/dts-common/src/main/java/com/yuzhi/dts/common/security/SpringSecurityAuditorAware.java
/workspace-src/dts-common/src/main/java/com/yuzhi/dts/common/security/oauth2/AudienceValidator.java
/workspace-src/dts-common/src/main/java/com/yuzhi/dts/common/security/oauth2/package-info.java
/workspace-src/dts-common/src/main/java/com/yuzhi/dts/common/security/package-info.java
/workspace-src/dts-common/src/main/java/com/yuzhi/dts/common/security/policy/DataLevel.java
/workspace-src/dts-common/src/main/java/com/yuzhi/dts/common/security/policy/PersonnelLevel.java
/workspace-src/dts-common/src/main/java/com/yuzhi/dts/common/security/policy/PolicyAction.java
/workspace-src/dts-common/src/main/java/com/yuzhi/dts/common/security/policy/PolicyErrorCodes.java
/workspace-src/dts-common/src/main/java/com/yuzhi/dts/common/security/policy/Scope.java
/workspace-src/dts-common/src/main/java/com/yuzhi/dts/common/security/policy/ShareScope.java
/workspace-src/dts-common/src/main/java/com/yuzhi/dts/common/service/AuditEventCriteria.java
/workspace-src/dts-common/src/main/java/com/yuzhi/dts/common/service/AuditEventQueryService.java
/workspace-src/dts-common/src/main/java/com/yuzhi/dts/common/service/AuditEventService.java
/workspace-src/dts-common/src/main/java/com/yuzhi/dts/common/service/dto/AuditEventDTO.java
/workspace-src/dts-common/src/main/java/com/yuzhi/dts/common/service/util/TargetRefValidator.java
/workspace-src/dts-common/src/main/java/com/yuzhi/dts/common/web/rest/AuditEventResource.java
/workspace-src/dts-common/src/main/java/com/yuzhi/dts/common/web/rest/errors/BadRequestAlertException.java
/workspace-src/dts-common/src/main/java/com/yuzhi/dts/common/web/rest/errors/ErrorConstants.java
/workspace-src/dts-common/src/main/java/com/yuzhi/dts/common/web/rest/errors/ExceptionTranslator.java
/workspace-src/dts-common/src/main/java/com/yuzhi/dts/common/web/rest/errors/FieldErrorVM.java
/workspace-src/dts-common/src/main/java/com/yuzhi/dts/common/web/rest/errors/package-info.java
